../Core/Src/stm32f1xx_hal_msp.c:65:6:HAL_MspInit	8	static
../Core/Src/stm32f1xx_hal_msp.c:92:6:HAL_CAN_MspInit	32	static
../Core/Src/stm32f1xx_hal_msp.c:136:6:HAL_CAN_MspDeInit	8	static
../Core/Src/stm32f1xx_hal_msp.c:167:6:HAL_TIM_Base_MspInit	40	static
../Core/Src/stm32f1xx_hal_msp.c:209:6:HAL_TIM_MspPostInit	32	static
../Core/Src/stm32f1xx_hal_msp.c:242:6:HAL_TIM_Base_MspDeInit	8	static
../Core/Src/stm32f1xx_hal_msp.c:284:6:HAL_UART_MspInit	32	static
../Core/Src/stm32f1xx_hal_msp.c:326:6:HAL_UART_MspDeInit	8	static
