Archive member included to satisfy reference by file (symbol)

C:/ST/STM32CubeIDE_1.16.0/STM32CubeIDE/plugins/com.st.stm32cube.ide.mcu.externaltools.gnu-tools-for-stm32.12.3.rel1.win32_1.0.200.202406191623/tools/bin/../lib/gcc/arm-none-eabi/12.3.1/../../../../arm-none-eabi/lib/thumb/v7-m/nofp\libc_nano.a(libc_a-exit.o)
                              C:/ST/STM32CubeIDE_1.16.0/STM32CubeIDE/plugins/com.st.stm32cube.ide.mcu.externaltools.gnu-tools-for-stm32.12.3.rel1.win32_1.0.200.202406191623/tools/bin/../lib/gcc/arm-none-eabi/12.3.1/../../../../arm-none-eabi/lib/thumb/v7-m/nofp/crt0.o (exit)
C:/ST/STM32CubeIDE_1.16.0/STM32CubeIDE/plugins/com.st.stm32cube.ide.mcu.externaltools.gnu-tools-for-stm32.12.3.rel1.win32_1.0.200.202406191623/tools/bin/../lib/gcc/arm-none-eabi/12.3.1/../../../../arm-none-eabi/lib/thumb/v7-m/nofp\libc_nano.a(libc_a-findfp.o)
                              C:/ST/STM32CubeIDE_1.16.0/STM32CubeIDE/plugins/com.st.stm32cube.ide.mcu.externaltools.gnu-tools-for-stm32.12.3.rel1.win32_1.0.200.202406191623/tools/bin/../lib/gcc/arm-none-eabi/12.3.1/../../../../arm-none-eabi/lib/thumb/v7-m/nofp\libc_nano.a(libc_a-exit.o) (__stdio_exit_handler)
C:/ST/STM32CubeIDE_1.16.0/STM32CubeIDE/plugins/com.st.stm32cube.ide.mcu.externaltools.gnu-tools-for-stm32.12.3.rel1.win32_1.0.200.202406191623/tools/bin/../lib/gcc/arm-none-eabi/12.3.1/../../../../arm-none-eabi/lib/thumb/v7-m/nofp\libc_nano.a(libc_a-fwalk.o)
                              C:/ST/STM32CubeIDE_1.16.0/STM32CubeIDE/plugins/com.st.stm32cube.ide.mcu.externaltools.gnu-tools-for-stm32.12.3.rel1.win32_1.0.200.202406191623/tools/bin/../lib/gcc/arm-none-eabi/12.3.1/../../../../arm-none-eabi/lib/thumb/v7-m/nofp\libc_nano.a(libc_a-findfp.o) (_fwalk_sglue)
C:/ST/STM32CubeIDE_1.16.0/STM32CubeIDE/plugins/com.st.stm32cube.ide.mcu.externaltools.gnu-tools-for-stm32.12.3.rel1.win32_1.0.200.202406191623/tools/bin/../lib/gcc/arm-none-eabi/12.3.1/../../../../arm-none-eabi/lib/thumb/v7-m/nofp\libc_nano.a(libc_a-stdio.o)
                              C:/ST/STM32CubeIDE_1.16.0/STM32CubeIDE/plugins/com.st.stm32cube.ide.mcu.externaltools.gnu-tools-for-stm32.12.3.rel1.win32_1.0.200.202406191623/tools/bin/../lib/gcc/arm-none-eabi/12.3.1/../../../../arm-none-eabi/lib/thumb/v7-m/nofp\libc_nano.a(libc_a-findfp.o) (__sread)
C:/ST/STM32CubeIDE_1.16.0/STM32CubeIDE/plugins/com.st.stm32cube.ide.mcu.externaltools.gnu-tools-for-stm32.12.3.rel1.win32_1.0.200.202406191623/tools/bin/../lib/gcc/arm-none-eabi/12.3.1/../../../../arm-none-eabi/lib/thumb/v7-m/nofp\libc_nano.a(libc_a-memset.o)
                              C:/ST/STM32CubeIDE_1.16.0/STM32CubeIDE/plugins/com.st.stm32cube.ide.mcu.externaltools.gnu-tools-for-stm32.12.3.rel1.win32_1.0.200.202406191623/tools/bin/../lib/gcc/arm-none-eabi/12.3.1/../../../../arm-none-eabi/lib/thumb/v7-m/nofp/crt0.o (memset)
C:/ST/STM32CubeIDE_1.16.0/STM32CubeIDE/plugins/com.st.stm32cube.ide.mcu.externaltools.gnu-tools-for-stm32.12.3.rel1.win32_1.0.200.202406191623/tools/bin/../lib/gcc/arm-none-eabi/12.3.1/../../../../arm-none-eabi/lib/thumb/v7-m/nofp\libc_nano.a(libc_a-closer.o)
                              C:/ST/STM32CubeIDE_1.16.0/STM32CubeIDE/plugins/com.st.stm32cube.ide.mcu.externaltools.gnu-tools-for-stm32.12.3.rel1.win32_1.0.200.202406191623/tools/bin/../lib/gcc/arm-none-eabi/12.3.1/../../../../arm-none-eabi/lib/thumb/v7-m/nofp\libc_nano.a(libc_a-stdio.o) (_close_r)
C:/ST/STM32CubeIDE_1.16.0/STM32CubeIDE/plugins/com.st.stm32cube.ide.mcu.externaltools.gnu-tools-for-stm32.12.3.rel1.win32_1.0.200.202406191623/tools/bin/../lib/gcc/arm-none-eabi/12.3.1/../../../../arm-none-eabi/lib/thumb/v7-m/nofp\libc_nano.a(libc_a-reent.o)
                              C:/ST/STM32CubeIDE_1.16.0/STM32CubeIDE/plugins/com.st.stm32cube.ide.mcu.externaltools.gnu-tools-for-stm32.12.3.rel1.win32_1.0.200.202406191623/tools/bin/../lib/gcc/arm-none-eabi/12.3.1/../../../../arm-none-eabi/lib/thumb/v7-m/nofp\libc_nano.a(libc_a-closer.o) (errno)
C:/ST/STM32CubeIDE_1.16.0/STM32CubeIDE/plugins/com.st.stm32cube.ide.mcu.externaltools.gnu-tools-for-stm32.12.3.rel1.win32_1.0.200.202406191623/tools/bin/../lib/gcc/arm-none-eabi/12.3.1/../../../../arm-none-eabi/lib/thumb/v7-m/nofp\libc_nano.a(libc_a-impure.o)
                              C:/ST/STM32CubeIDE_1.16.0/STM32CubeIDE/plugins/com.st.stm32cube.ide.mcu.externaltools.gnu-tools-for-stm32.12.3.rel1.win32_1.0.200.202406191623/tools/bin/../lib/gcc/arm-none-eabi/12.3.1/../../../../arm-none-eabi/lib/thumb/v7-m/nofp\libc_nano.a(libc_a-reent.o) (_impure_ptr)
C:/ST/STM32CubeIDE_1.16.0/STM32CubeIDE/plugins/com.st.stm32cube.ide.mcu.externaltools.gnu-tools-for-stm32.12.3.rel1.win32_1.0.200.202406191623/tools/bin/../lib/gcc/arm-none-eabi/12.3.1/../../../../arm-none-eabi/lib/thumb/v7-m/nofp\libc_nano.a(libc_a-lseekr.o)
[...]
Memory Configuration

Name             Origin             Length             Attributes
RAM              0x20000000         0x00005000         xrw
FLASH            0x08006000         0x00010000         xr
*default*        0x00000000         0xffffffff

Linker script and memory map

LOAD C:/ST/STM32CubeIDE_1.16.0/STM32CubeIDE/plugins/com.st.stm32cube.ide.mcu.externaltools.gnu-tools-for-stm32.12.3.rel1.win32_1.0.200.202406191623/tools/bin/../lib/gcc/arm-none-eabi/12.3.1/thumb/v7-m/nofp/crti.o
LOAD C:/ST/STM32CubeIDE_1.16.0/STM32CubeIDE/plugins/com.st.stm32cube.ide.mcu.externaltools.gnu-tools-for-stm32.12.3.rel1.win32_1.0.200.202406191623/tools/bin/../lib/gcc/arm-none-eabi/12.3.1/thumb/v7-m/nofp/crtbegin.o
LOAD C:/ST/STM32CubeIDE_1.16.0/STM32CubeIDE/plugins/com.st.stm32cube.ide.mcu.externaltools.gnu-tools-for-stm32.12.3.rel1.win32_1.0.200.202406191623/tools/bin/../lib/gcc/arm-none-eabi/12.3.1/../../../../arm-none-eabi/lib/thumb/v7-m/nofp/crt0.o
LOAD ./Core/Src/main.o
LOAD ./Core/Src/stm32f1xx_hal_msp.o
LOAD ./Core/Src/stm32f1xx_it.o
LOAD ./Core/Src/syscalls.o
LOAD ./Core/Src/sysmem.o
LOAD ./Core/Src/system_stm32f1xx.o
LOAD ./Core/Startup/startup_stm32f103c8tx.o
LOAD ./Drivers/STM32F1xx_HAL_Driver/Src/stm32f1xx_hal.o
LOAD ./Drivers/STM32F1xx_HAL_Driver/Src/stm32f1xx_hal_can.o
LOAD ./Drivers/STM32F1xx_HAL_Driver/Src/stm32f1xx_hal_cortex.o
LOAD ./Drivers/STM32F1xx_HAL_Driver/Src/stm32f1xx_hal_dma.o
LOAD ./Drivers/STM32F1xx_HAL_Driver/Src/stm32f1xx_hal_exti.o
LOAD ./Drivers/STM32F1xx_HAL_Driver/Src/stm32f1xx_hal_flash.o
LOAD ./Drivers/STM32F1xx_HAL_Driver/Src/stm32f1xx_hal_flash_ex.o
LOAD ./Drivers/STM32F1xx_HAL_Driver/Src/stm32f1xx_hal_gpio.o
LOAD ./Drivers/STM32F1xx_HAL_Driver/Src/stm32f1xx_hal_gpio_ex.o
LOAD ./Drivers/STM32F1xx_HAL_Driver/Src/stm32f1xx_hal_pwr.o
LOAD ./Drivers/STM32F1xx_HAL_Driver/Src/stm32f1xx_hal_rcc.o
LOAD ./Drivers/STM32F1xx_HAL_Driver/Src/stm32f1xx_hal_rcc_ex.o
LOAD ./Drivers/STM32F1xx_HAL_Driver/Src/stm32f1xx_hal_tim.o
LOAD ./Drivers/STM32F1xx_HAL_Driver/Src/stm32f1xx_hal_tim_ex.o
LOAD ./Drivers/STM32F1xx_HAL_Driver/Src/stm32f1xx_hal_uart.o
LOAD ./bsw/dcm/dcm.o
LOAD ./bsw/mcal/can/mcal_can.o
LOAD ./bsw/mcal/com/com_proc.o
LOAD ./bsw/mcal/tp/isotp.o
LOAD ./bsw/mcal/uart2/mcal_uart2.o
LOAD ./bsw/mcal/uds/server/uds_server.o
LOAD ./bsw/ota/ota.o
LOAD ./bsw/utils/circular_buffer.o
LOAD ./bsw/utils/flash_handling.o
LOAD ./bsw/utils/us_memcpy.o
START GROUP
LOAD C:/ST/STM32CubeIDE_1.16.0/STM32CubeIDE/plugins/com.st.stm32cube.ide.mcu.externaltools.gnu-tools-for-stm32.12.3.rel1.win32_1.0.200.202406191623/tools/bin/../lib/gcc/arm-none-eabi/12.3.1/../../../../arm-none-eabi/lib/thumb/v7-m/nofp\libc_nano.a
LOAD C:/ST/STM32CubeIDE_1.16.0/STM32CubeIDE/plugins/com.st.stm32cube.ide.mcu.externaltools.gnu-tools-for-stm32.12.3.rel1.win32_1.0.200.202406191623/tools/bin/../lib/gcc/arm-none-eabi/12.3.1/../../../../arm-none-eabi/lib/thumb/v7-m/nofp\libm.a
END GROUP
START GROUP
LOAD C:/ST/STM32CubeIDE_1.16.0/STM32CubeIDE/plugins/com.st.stm32cube.ide.mcu.externaltools.gnu-tools-for-stm32.12.3.rel1.win32_1.0.200.202406191623/tools/bin/../lib/gcc/arm-none-eabi/12.3.1/thumb/v7-m/nofp\libgcc.a
LOAD C:/ST/STM32CubeIDE_1.16.0/STM32CubeIDE/plugins/com.st.stm32cube.ide.mcu.externaltools.gnu-tools-for-stm32.12.3.rel1.win32_1.0.200.202406191623/tools/bin/../lib/gcc/arm-none-eabi/12.3.1/../../../../arm-none-eabi/lib/thumb/v7-m/nofp\libc_nano.a
END GROUP
START GROUP
LOAD C:/ST/STM32CubeIDE_1.16.0/STM32CubeIDE/plugins/com.st.stm32cube.ide.mcu.externaltools.gnu-tools-for-stm32.12.3.rel1.win32_1.0.200.202406191623/tools/bin/../lib/gcc/arm-none-eabi/12.3.1/thumb/v7-m/nofp\libgcc.a
LOAD C:/ST/STM32CubeIDE_1.16.0/STM32CubeIDE/plugins/com.st.stm32cube.ide.mcu.externaltools.gnu-tools-for-stm32.12.3.rel1.win32_1.0.200.202406191623/tools/bin/../lib/gcc/arm-none-eabi/12.3.1/../../../../arm-none-eabi/lib/thumb/v7-m/nofp\libc_nano.a
LOAD C:/ST/STM32CubeIDE_1.16.0/STM32CubeIDE/plugins/com.st.stm32cube.ide.mcu.externaltools.gnu-tools-for-stm32.12.3.rel1.win32_1.0.200.202406191623/tools/bin/../lib/gcc/arm-none-eabi/12.3.1/../../../../arm-none-eabi/lib/thumb/v7-m/nofp\libnosys.a
END GROUP
START GROUP
LOAD C:/ST/STM32CubeIDE_1.16.0/STM32CubeIDE/plugins/com.st.stm32cube.ide.mcu.externaltools.gnu-tools-for-stm32.12.3.rel1.win32_1.0.200.202406191623/tools/bin/../lib/gcc/arm-none-eabi/12.3.1/thumb/v7-m/nofp\libgcc.a
LOAD C:/ST/STM32CubeIDE_1.16.0/STM32CubeIDE/plugins/com.st.stm32cube.ide.mcu.externaltools.gnu-tools-for-stm32.12.3.rel1.win32_1.0.200.202406191623/tools/bin/../lib/gcc/arm-none-eabi/12.3.1/../../../../arm-none-eabi/lib/thumb/v7-m/nofp\libc_nano.a
LOAD C:/ST/STM32CubeIDE_1.16.0/STM32CubeIDE/plugins/com.st.stm32cube.ide.mcu.externaltools.gnu-tools-for-stm32.12.3.rel1.win32_1.0.200.202406191623/tools/bin/../lib/gcc/arm-none-eabi/12.3.1/../../../../arm-none-eabi/lib/thumb/v7-m/nofp\libnosys.a
END GROUP
LOAD C:/ST/STM32CubeIDE_1.16.0/STM32CubeIDE/plugins/com.st.stm32cube.ide.mcu.externaltools.gnu-tools-for-stm32.12.3.rel1.win32_1.0.200.202406191623/tools/bin/../lib/gcc/arm-none-eabi/12.3.1/thumb/v7-m/nofp/crtend.o
LOAD C:/ST/STM32CubeIDE_1.16.0/STM32CubeIDE/plugins/com.st.stm32cube.ide.mcu.externaltools.gnu-tools-for-stm32.12.3.rel1.win32_1.0.200.202406191623/tools/bin/../lib/gcc/arm-none-eabi/12.3.1/thumb/v7-m/nofp/crtn.o
                0x20005000                        _estack = (ORIGIN (RAM) + LENGTH (RAM))
                0x00000200                        _Min_Heap_Size = 0x200
                0x00000400                        _Min_Stack_Size = 0x400

.isr_vector     0x08006000      0x10c
                0x08006000                        . = ALIGN (0x4)
 *(.isr_vector)
 .isr_vector    0x08006000      0x10c ./Core/Startup/startup_stm32f103c8tx.o
                0x08006000                g_pfnVectors
                0x0800610c                        . = ALIGN (0x4)

.text           0x0800610c     0x2974
                0x0800610c                        . = ALIGN (0x4)
 *(.text)
 .text          0x0800610c       0x40 C:/ST/STM32CubeIDE_1.16.0/STM32CubeIDE/plugins/com.st.stm32cube.ide.mcu.externaltools.gnu-tools-for-stm32.12.3.rel1.win32_1.0.200.202406191623/tools/bin/../lib/gcc/arm-none-eabi/12.3.1/thumb/v7-m/nofp/crtbegin.o
 *(.text*)
 .text.SystemClock_Config
                0x0800614c       0x5e ./Core/Src/main.o
                0x0800614c                SystemClock_Config
 *fill*         0x080061aa        0x2 
 .text.startup.main
                0x080061ac      0x31c ./Core/Src/main.o
                0x080061ac                main
 .text.HAL_MspInit
                0x080064c8       0x44 ./Core/Src/stm32f1xx_hal_msp.o
                0x080064c8                HAL_MspInit
 .text.HAL_CAN_MspInit
                0x0800650c       0x98 ./Core/Src/stm32f1xx_hal_msp.o
                0x0800650c                HAL_CAN_MspInit
 .text.HAL_TIM_Base_MspInit
                0x080065a4       0x8c ./Core/Src/stm32f1xx_hal_msp.o
                0x080065a4                HAL_TIM_Base_MspInit
 .text.HAL_TIM_MspPostInit
                0x08006630       0x64 ./Core/Src/stm32f1xx_hal_msp.o
                0x08006630                HAL_TIM_MspPostInit
 .text.HAL_UART_MspInit
                0x08006694       0x84 ./Core/Src/stm32f1xx_hal_msp.o
                0x08006694                HAL_UART_MspInit
 .text.NMI_Handler
                0x08006718        0x2 ./Core/Src/stm32f1xx_it.o
                0x08006718                NMI_Handler
 .text.HardFault_Handler
                0x0800671a        0x2 ./Core/Src/stm32f1xx_it.o
                0x0800671a                HardFault_Handler
 .text.MemManage_Handler
                0x0800671c        0x2 ./Core/Src/stm32f1xx_it.o
                0x0800671c                MemManage_Handler
 .text.BusFault_Handler
                0x0800671e        0x2 ./Core/Src/stm32f1xx_it.o
                0x0800671e                BusFault_Handler
 .text.UsageFault_Handler
                0x08006720        0x2 ./Core/Src/stm32f1xx_it.o
                0x08006720                UsageFault_Handler
 .text.SVC_Handler
                0x08006722        0x2 ./Core/Src/stm32f1xx_it.o
                0x08006722                SVC_Handler
 .text.DebugMon_Handler
                0x08006724        0x2 ./Core/Src/stm32f1xx_it.o
                0x08006724                DebugMon_Handler
 .text.PendSV_Handler
                0x08006726        0x2 ./Core/Src/stm32f1xx_it.o
                0x08006726                PendSV_Handler
 .text.SysTick_Handler
                0x08006728        0x4 ./Core/Src/stm32f1xx_it.o
                0x08006728                SysTick_Handler
 .text.USB_LP_CAN1_RX0_IRQHandler
                0x0800672c        0xc ./Core/Src/stm32f1xx_it.o
                0x0800672c                USB_LP_CAN1_RX0_IRQHandler
 .text.TIM2_IRQHandler
                0x08006738        0xc ./Core/Src/stm32f1xx_it.o
                0x08006738                TIM2_IRQHandler
 .text.USART2_IRQHandler
                0x08006744        0xc ./Core/Src/stm32f1xx_it.o
                0x08006744                USART2_IRQHandler
 .text.SystemInit
                0x08006750       0x10 ./Core/Src/system_stm32f1xx.o
                0x08006750                SystemInit
 .text.Reset_Handler
                0x08006760       0x48 ./Core/Startup/startup_stm32f103c8tx.o
                0x08006760                Reset_Handler
 .text.Default_Handler
                0x080067a8        0x2 ./Core/Startup/startup_stm32f103c8tx.o
                0x080067a8                RTC_Alarm_IRQHandler
                0x080067a8                EXTI2_IRQHandler
                0x080067a8                TIM1_CC_IRQHandler
                0x080067a8                PVD_IRQHandler
                0x080067a8                EXTI3_IRQHandler
                0x080067a8                EXTI0_IRQHandler
                0x080067a8                I2C2_EV_IRQHandler
                0x080067a8                ADC1_2_IRQHandler
                0x080067a8                SPI1_IRQHandler
                0x080067a8                TAMPER_IRQHandler
                0x080067a8                DMA1_Channel4_IRQHandler
                0x080067a8                USART3_IRQHandler
                0x080067a8                RTC_IRQHandler
                0x080067a8                DMA1_Channel7_IRQHandler
                0x080067a8                CAN1_RX1_IRQHandler
                0x080067a8                TIM4_IRQHandler
                0x080067a8                I2C1_EV_IRQHandler
                0x080067a8                DMA1_Channel6_IRQHandler
                0x080067a8                TIM3_IRQHandler
                0x080067a8                RCC_IRQHandler
                0x080067a8                TIM1_TRG_COM_IRQHandler
                0x080067a8                DMA1_Channel1_IRQHandler
                0x080067a8                Default_Handler
                0x080067a8                EXTI15_10_IRQHandler
                0x080067a8                EXTI9_5_IRQHandler
                0x080067a8                SPI2_IRQHandler
                0x080067a8                DMA1_Channel5_IRQHandler
                0x080067a8                EXTI4_IRQHandler
                0x080067a8                USB_HP_CAN1_TX_IRQHandler
                0x080067a8                DMA1_Channel3_IRQHandler
                0x080067a8                TIM1_UP_IRQHandler
                0x080067a8                WWDG_IRQHandler
                0x080067a8                TIM1_BRK_IRQHandler
                0x080067a8                EXTI1_IRQHandler
                0x080067a8                I2C2_ER_IRQHandler
                0x080067a8                DMA1_Channel2_IRQHandler
                0x080067a8                CAN1_SCE_IRQHandler
                0x080067a8                FLASH_IRQHandler
                0x080067a8                USART1_IRQHandler
                0x080067a8                I2C1_ER_IRQHandler
                0x080067a8                USBWakeUp_IRQHandler
 *fill*         0x080067aa        0x2 
 .text.HAL_InitTick
                0x080067ac       0x48 ./Drivers/STM32F1xx_HAL_Driver/Src/stm32f1xx_hal.o
                0x080067ac                HAL_InitTick
 .text.HAL_Init
                0x080067f4       0x24 ./Drivers/STM32F1xx_HAL_Driver/Src/stm32f1xx_hal.o
                0x080067f4                HAL_Init
 .text.HAL_IncTick
                0x08006818       0x18 ./Drivers/STM32F1xx_HAL_Driver/Src/stm32f1xx_hal.o
                0x08006818                HAL_IncTick
 .text.HAL_GetTick
                0x08006830        0xc ./Drivers/STM32F1xx_HAL_Driver/Src/stm32f1xx_hal.o
                0x08006830                HAL_GetTick
 .text.HAL_Delay
                0x0800683c       0x24 ./Drivers/STM32F1xx_HAL_Driver/Src/stm32f1xx_hal.o
                0x0800683c                HAL_Delay
 .text.HAL_CAN_Init
                0x08006860       0xf6 ./Drivers/STM32F1xx_HAL_Driver/Src/stm32f1xx_hal_can.o
                0x08006860                HAL_CAN_Init
 .text.HAL_CAN_ConfigFilter
                0x08006956       0xe0 ./Drivers/STM32F1xx_HAL_Driver/Src/stm32f1xx_hal_can.o
                0x08006956                HAL_CAN_ConfigFilter
 .text.HAL_CAN_Start
                0x08006a36       0x56 ./Drivers/STM32F1xx_HAL_Driver/Src/stm32f1xx_hal_can.o
                0x08006a36                HAL_CAN_Start
 .text.HAL_CAN_AddTxMessage
                0x08006a8c       0x92 ./Drivers/STM32F1xx_HAL_Driver/Src/stm32f1xx_hal_can.o
                0x08006a8c                HAL_CAN_AddTxMessage
 .text.HAL_CAN_GetRxMessage
                0x08006b1e       0xf8 ./Drivers/STM32F1xx_HAL_Driver/Src/stm32f1xx_hal_can.o
                0x08006b1e                HAL_CAN_GetRxMessage
 .text.HAL_CAN_ActivateNotification
                0x08006c16       0x22 ./Drivers/STM32F1xx_HAL_Driver/Src/stm32f1xx_hal_can.o
                0x08006c16                HAL_CAN_ActivateNotification
 .text.HAL_CAN_TxMailbox0CompleteCallback
                0x08006c38        0x2 ./Drivers/STM32F1xx_HAL_Driver/Src/stm32f1xx_hal_can.o
                0x08006c38                HAL_CAN_TxMailbox0CompleteCallback
 .text.HAL_CAN_TxMailbox1CompleteCallback
                0x08006c3a        0x2 ./Drivers/STM32F1xx_HAL_Driver/Src/stm32f1xx_hal_can.o
                0x08006c3a                HAL_CAN_TxMailbox1CompleteCallback
 .text.HAL_CAN_TxMailbox2CompleteCallback
                0x08006c3c        0x2 ./Drivers/STM32F1xx_HAL_Driver/Src/stm32f1xx_hal_can.o
                0x08006c3c                HAL_CAN_TxMailbox2CompleteCallback
 .text.HAL_CAN_TxMailbox0AbortCallback
                0x08006c3e        0x2 ./Drivers/STM32F1xx_HAL_Driver/Src/stm32f1xx_hal_can.o
                0x08006c3e                HAL_CAN_TxMailbox0AbortCallback
 .text.HAL_CAN_TxMailbox1AbortCallback
                0x08006c40        0x2 ./Drivers/STM32F1xx_HAL_Driver/Src/stm32f1xx_hal_can.o
                0x08006c40                HAL_CAN_TxMailbox1AbortCallback
 .text.HAL_CAN_TxMailbox2AbortCallback
                0x08006c42        0x2 ./Drivers/STM32F1xx_HAL_Driver/Src/stm32f1xx_hal_can.o
                0x08006c42                HAL_CAN_TxMailbox2AbortCallback
 .text.HAL_CAN_RxFifo0FullCallback
                0x08006c44        0x2 ./Drivers/STM32F1xx_HAL_Driver/Src/stm32f1xx_hal_can.o
                0x08006c44                HAL_CAN_RxFifo0FullCallback
 .text.HAL_CAN_RxFifo1MsgPendingCallback
                0x08006c46        0x2 ./Drivers/STM32F1xx_HAL_Driver/Src/stm32f1xx_hal_can.o
                0x08006c46                HAL_CAN_RxFifo1MsgPendingCallback
 .text.HAL_CAN_RxFifo1FullCallback
                0x08006c48        0x2 ./Drivers/STM32F1xx_HAL_Driver/Src/stm32f1xx_hal_can.o
                0x08006c48                HAL_CAN_RxFifo1FullCallback
 .text.HAL_CAN_SleepCallback
                0x08006c4a        0x2 ./Drivers/STM32F1xx_HAL_Driver/Src/stm32f1xx_hal_can.o
                0x08006c4a                HAL_CAN_SleepCallback
 .text.HAL_CAN_WakeUpFromRxMsgCallback
                0x08006c4c        0x2 ./Drivers/STM32F1xx_HAL_Driver/Src/stm32f1xx_hal_can.o
                0x08006c4c                HAL_CAN_WakeUpFromRxMsgCallback
 .text.HAL_CAN_ErrorCallback
                0x08006c4e        0x2 ./Drivers/STM32F1xx_HAL_Driver/Src/stm32f1xx_hal_can.o
                0x08006c4e                HAL_CAN_ErrorCallback
 .text.HAL_CAN_IRQHandler
                0x08006c50      0x20a ./Drivers/STM32F1xx_HAL_Driver/Src/stm32f1xx_hal_can.o
                0x08006c50                HAL_CAN_IRQHandler
 *fill*         0x08006e5a        0x2 
 .text.HAL_NVIC_SetPriorityGrouping
                0x08006e5c       0x24 ./Drivers/STM32F1xx_HAL_Driver/Src/stm32f1xx_hal_cortex.o
                0x08006e5c                HAL_NVIC_SetPriorityGrouping
 .text.HAL_NVIC_SetPriority
                0x08006e80       0x60 ./Drivers/STM32F1xx_HAL_Driver/Src/stm32f1xx_hal_cortex.o
                0x08006e80                HAL_NVIC_SetPriority
 .text.HAL_NVIC_EnableIRQ
                0x08006ee0       0x1c ./Drivers/STM32F1xx_HAL_Driver/Src/stm32f1xx_hal_cortex.o
                0x08006ee0                HAL_NVIC_EnableIRQ
 .text.HAL_NVIC_SystemReset
                0x08006efc       0x24 ./Drivers/STM32F1xx_HAL_Driver/Src/stm32f1xx_hal_cortex.o
                0x08006efc                HAL_NVIC_SystemReset
 .text.HAL_SYSTICK_Config
                0x08006f20       0x28 ./Drivers/STM32F1xx_HAL_Driver/Src/stm32f1xx_hal_cortex.o
                0x08006f20                HAL_SYSTICK_Config
 .text.HAL_DMA_Abort
                0x08006f48       0x3e ./Drivers/STM32F1xx_HAL_Driver/Src/stm32f1xx_hal_dma.o
                0x08006f48                HAL_DMA_Abort
 *fill*         0x08006f86        0x2 
 .text.HAL_DMA_Abort_IT
                0x08006f88       0x8c ./Drivers/STM32F1xx_HAL_Driver/Src/stm32f1xx_hal_dma.o
                0x08006f88                HAL_DMA_Abort_IT
 .text.HAL_GPIO_Init
                0x08007014      0x1b0 ./Drivers/STM32F1xx_HAL_Driver/Src/stm32f1xx_hal_gpio.o
                0x08007014                HAL_GPIO_Init
 .text.HAL_GPIO_WritePin
                0x080071c4        0xa ./Drivers/STM32F1xx_HAL_Driver/Src/stm32f1xx_hal_gpio.o
                0x080071c4                HAL_GPIO_WritePin
 .text.HAL_GPIO_TogglePin
                0x080071ce       0x12 ./Drivers/STM32F1xx_HAL_Driver/Src/stm32f1xx_hal_gpio.o
                0x080071ce                HAL_GPIO_TogglePin
 .text.HAL_RCC_OscConfig
                0x080071e0      0x338 ./Drivers/STM32F1xx_HAL_Driver/Src/stm32f1xx_hal_rcc.o
                0x080071e0                HAL_RCC_OscConfig
 .text.HAL_RCC_GetSysClockFreq
                0x08007518       0x4c ./Drivers/STM32F1xx_HAL_Driver/Src/stm32f1xx_hal_rcc.o
                0x08007518                HAL_RCC_GetSysClockFreq
 .text.HAL_RCC_ClockConfig
                0x08007564      0x138 ./Drivers/STM32F1xx_HAL_Driver/Src/stm32f1xx_hal_rcc.o
                0x08007564                HAL_RCC_ClockConfig
 .text.HAL_RCC_GetPCLK1Freq
                0x0800769c       0x20 ./Drivers/STM32F1xx_HAL_Driver/Src/stm32f1xx_hal_rcc.o
                0x0800769c                HAL_RCC_GetPCLK1Freq
 .text.HAL_RCC_GetPCLK2Freq
                0x080076bc       0x20 ./Drivers/STM32F1xx_HAL_Driver/Src/stm32f1xx_hal_rcc.o
                0x080076bc                HAL_RCC_GetPCLK2Freq
 .text.TIM_OC1_SetConfig
                0x080076dc       0x50 ./Drivers/STM32F1xx_HAL_Driver/Src/stm32f1xx_hal_tim.o
 .text.TIM_OC3_SetConfig
                0x0800772c       0x54 ./Drivers/STM32F1xx_HAL_Driver/Src/stm32f1xx_hal_tim.o
 .text.TIM_OC4_SetConfig
                0x08007780       0x44 ./Drivers/STM32F1xx_HAL_Driver/Src/stm32f1xx_hal_tim.o
 .text.HAL_TIM_PWM_MspInit
                0x080077c4        0x2 ./Drivers/STM32F1xx_HAL_Driver/Src/stm32f1xx_hal_tim.o
                0x080077c4                HAL_TIM_PWM_MspInit
 .text.HAL_TIM_IC_MspInit
                0x080077c6        0x2 ./Drivers/STM32F1xx_HAL_Driver/Src/stm32f1xx_hal_tim.o
                0x080077c6                HAL_TIM_IC_MspInit
 .text.HAL_TIM_ConfigTI1Input
                0x080077c8       0x10 ./Drivers/STM32F1xx_HAL_Driver/Src/stm32f1xx_hal_tim.o
                0x080077c8                HAL_TIM_ConfigTI1Input
 .text.HAL_TIM_PeriodElapsedCallback
                0x080077d8        0x2 ./Drivers/STM32F1xx_HAL_Driver/Src/stm32f1xx_hal_tim.o
                0x080077d8                HAL_TIM_PeriodElapsedCallback
 .text.HAL_TIM_OC_DelayElapsedCallback
                0x080077da        0x2 ./Drivers/STM32F1xx_HAL_Driver/Src/stm32f1xx_hal_tim.o
                0x080077da                HAL_TIM_OC_DelayElapsedCallback
 .text.HAL_TIM_IC_CaptureCallback
                0x080077dc        0x2 ./Drivers/STM32F1xx_HAL_Driver/Src/stm32f1xx_hal_tim.o
                0x080077dc                HAL_TIM_IC_CaptureCallback
 .text.HAL_TIM_PWM_PulseFinishedCallback
                0x080077de        0x2 ./Drivers/STM32F1xx_HAL_Driver/Src/stm32f1xx_hal_tim.o
                0x080077de                HAL_TIM_PWM_PulseFinishedCallback
 .text.HAL_TIM_TriggerCallback
                0x080077e0        0x2 ./Drivers/STM32F1xx_HAL_Driver/Src/stm32f1xx_hal_tim.o
                0x080077e0                HAL_TIM_TriggerCallback
 .text.HAL_TIM_IRQHandler
                0x080077e2      0x144 ./Drivers/STM32F1xx_HAL_Driver/Src/stm32f1xx_hal_tim.o
                0x080077e2                HAL_TIM_IRQHandler
 *fill*         0x08007926        0x2 
 .text.TIM_Base_SetConfig
                0x08007928       0x70 ./Drivers/STM32F1xx_HAL_Driver/Src/stm32f1xx_hal_tim.o
                0x08007928                TIM_Base_SetConfig
 .text.HAL_TIM_Base_Init
                0x08007998       0x58 ./Drivers/STM32F1xx_HAL_Driver/Src/stm32f1xx_hal_tim.o
                0x08007998                HAL_TIM_Base_Init
 .text.HAL_TIM_PWM_Init
                0x080079f0       0x58 ./Drivers/STM32F1xx_HAL_Driver/Src/stm32f1xx_hal_tim.o
                0x080079f0                HAL_TIM_PWM_Init
 .text.HAL_TIM_IC_Init
                0x08007a48       0x58 ./Drivers/STM32F1xx_HAL_Driver/Src/stm32f1xx_hal_tim.o
                0x08007a48                HAL_TIM_IC_Init
 .text.TIM_OC2_SetConfig
                0x08007aa0       0x58 ./Drivers/STM32F1xx_HAL_Driver/Src/stm32f1xx_hal_tim.o
                0x08007aa0                TIM_OC2_SetConfig
 .text.HAL_TIM_PWM_ConfigChannel
                0x08007af8       0xb0 ./Drivers/STM32F1xx_HAL_Driver/Src/stm32f1xx_hal_tim.o
                0x08007af8                HAL_TIM_PWM_ConfigChannel
 .text.TIM_TI1_SetConfig
                0x08007ba8       0x54 ./Drivers/STM32F1xx_HAL_Driver/Src/stm32f1xx_hal_tim.o
                0x08007ba8                TIM_TI1_SetConfig
 .text.HAL_TIM_IC_ConfigChannel
                0x08007bfc      0x124 ./Drivers/STM32F1xx_HAL_Driver/Src/stm32f1xx_hal_tim.o
                0x08007bfc                HAL_TIM_IC_ConfigChannel
 .text.TIM_ETR_SetConfig
                0x08007d20       0x14 ./Drivers/STM32F1xx_HAL_Driver/Src/stm32f1xx_hal_tim.o
                0x08007d20                TIM_ETR_SetConfig
 .text.HAL_TIM_ConfigClockSource
                0x08007d34      0x132 ./Drivers/STM32F1xx_HAL_Driver/Src/stm32f1xx_hal_tim.o
                0x08007d34                HAL_TIM_ConfigClockSource
 *fill*         0x08007e66        0x2 
 .text.HAL_TIMEx_MasterConfigSynchronization
                0x08007e68       0x5c ./Drivers/STM32F1xx_HAL_Driver/Src/stm32f1xx_hal_tim_ex.o
                0x08007e68                HAL_TIMEx_MasterConfigSynchronization
 .text.HAL_TIMEx_ConfigBreakDeadTime
                0x08007ec4       0x4c ./Drivers/STM32F1xx_HAL_Driver/Src/stm32f1xx_hal_tim_ex.o
                0x08007ec4                HAL_TIMEx_ConfigBreakDeadTime
 .text.HAL_TIMEx_CommutCallback
                0x08007f10        0x2 ./Drivers/STM32F1xx_HAL_Driver/Src/stm32f1xx_hal_tim_ex.o
                0x08007f10                HAL_TIMEx_CommutCallback
 .text.HAL_TIMEx_BreakCallback
                0x08007f12        0x2 ./Drivers/STM32F1xx_HAL_Driver/Src/stm32f1xx_hal_tim_ex.o
                0x08007f12                HAL_TIMEx_BreakCallback
 .text.UART_EndRxTransfer
                0x08007f14       0x5c ./Drivers/STM32F1xx_HAL_Driver/Src/stm32f1xx_hal_uart.o
 .text.UART_SetConfig
                0x08007f70       0x74 ./Drivers/STM32F1xx_HAL_Driver/Src/stm32f1xx_hal_uart.o
 .text.UART_WaitOnFlagUntilTimeout.constprop.0
                0x08007fe4       0x6c ./Drivers/STM32F1xx_HAL_Driver/Src/stm32f1xx_hal_uart.o
 .text.HAL_UART_Init
                0x08008050       0x5e ./Drivers/STM32F1xx_HAL_Driver/Src/stm32f1xx_hal_uart.o
                0x08008050                HAL_UART_Init
 .text.HAL_UART_Transmit
                0x080080ae       0x96 ./Drivers/STM32F1xx_HAL_Driver/Src/stm32f1xx_hal_uart.o
                0x080080ae                HAL_UART_Transmit
 .text.HAL_UART_TxCpltCallback
                0x08008144        0x2 ./Drivers/STM32F1xx_HAL_Driver/Src/stm32f1xx_hal_uart.o
                0x08008144                HAL_UART_TxCpltCallback
 .text.HAL_UART_RxCpltCallback
                0x08008146        0x2 ./Drivers/STM32F1xx_HAL_Driver/Src/stm32f1xx_hal_uart.o
                0x08008146                HAL_UART_RxCpltCallback
 .text.HAL_UART_ErrorCallback
                0x08008148        0x2 ./Drivers/STM32F1xx_HAL_Driver/Src/stm32f1xx_hal_uart.o
                0x08008148                HAL_UART_ErrorCallback
 .text.UART_DMAAbortOnError
                0x0800814a       0x10 ./Drivers/STM32F1xx_HAL_Driver/Src/stm32f1xx_hal_uart.o
 .text.HAL_UARTEx_RxEventCallback
                0x0800815a        0x2 ./Drivers/STM32F1xx_HAL_Driver/Src/stm32f1xx_hal_uart.o
                0x0800815a                HAL_UARTEx_RxEventCallback
 .text.UART_Receive_IT.isra.0
                0x0800815c       0xb6 ./Drivers/STM32F1xx_HAL_Driver/Src/stm32f1xx_hal_uart.o
 *fill*         0x08008212        0x2 
 .text.HAL_UART_IRQHandler
                0x08008214      0x294 ./Drivers/STM32F1xx_HAL_Driver/Src/stm32f1xx_hal_uart.o
                0x08008214                HAL_UART_IRQHandler
 .text.DCM_Proc_Init
                0x080084a8        0xe ./bsw/dcm/dcm.o
                0x080084a8                DCM_Proc_Init
 .text.ECU_reset_Handler
                0x080084b6        0xa ./bsw/dcm/dcm.o
                0x080084b6                ECU_reset_Handler
 .text.DiagSess_Ctl_Handler
                0x080084c0        0x4 ./bsw/dcm/dcm.o
                0x080084c0                DiagSess_Ctl_Handler
 .text.Request_Download_Handler
                0x080084c4        0xa ./bsw/dcm/dcm.o
                0x080084c4                Request_Download_Handler
 .text.Transfer_Data_Handler
                0x080084ce        0xc ./bsw/dcm/dcm.o
                0x080084ce                Transfer_Data_Handler
 .text.Transfer_Exit_Handler
                0x080084da        0xa ./bsw/dcm/dcm.o
                0x080084da                Transfer_Exit_Handler
 .text.Check_Memory_Handler
                0x080084e4        0x4 ./bsw/dcm/dcm.o
                0x080084e4                Check_Memory_Handler
 .text.HAL_CAN_RxFifo0MsgPendingCallback
                0x080084e8       0x3c ./bsw/mcal/can/mcal_can.o
                0x080084e8                HAL_CAN_RxFifo0MsgPendingCallback
 .text.can_start
                0x08008524       0x48 ./bsw/mcal/can/mcal_can.o
                0x08008524                can_start
 .text.can_send
                0x0800856c       0x1c ./bsw/mcal/can/mcal_can.o
                0x0800856c                can_send
 .text.can_receive
                0x08008588        0xc ./bsw/mcal/can/mcal_can.o
                0x08008588                can_receive
 .text.can_rx_available
                0x08008594        0xc ./bsw/mcal/can/mcal_can.o
                0x08008594                can_rx_available
 .text.can_process_next
                0x080085a0        0xc ./bsw/mcal/can/mcal_can.o
                0x080085a0                can_process_next
 .text.COM_Proc_Init
                0x080085ac        0x4 ./bsw/mcal/com/com_proc.o
                0x080085ac                COM_Proc_Init
 .text.COM_Proc_1ms
                0x080085b0       0x1a ./bsw/mcal/com/com_proc.o
                0x080085b0                COM_Proc_1ms
 *fill*         0x080085ca        0x2 
 .text.set_isotp_link
                0x080085cc       0x10 ./bsw/mcal/tp/isotp.o
                0x080085cc                set_isotp_link
 .text.send_single_frame
                0x080085dc       0x3c ./bsw/mcal/tp/isotp.o
                0x080085dc                send_single_frame
 .text.send_first_frame
                0x08008618       0x48 ./bsw/mcal/tp/isotp.o
                0x08008618                send_first_frame
 .text.send_multi_frame
                0x08008660       0x70 ./bsw/mcal/tp/isotp.o
                0x08008660                send_multi_frame
 .text.send_fc_frame
                0x080086d0       0x40 ./bsw/mcal/tp/isotp.o
                0x080086d0                send_fc_frame
 .text.send_isotp
                0x08008710       0x22 ./bsw/mcal/tp/isotp.o
                0x08008710                send_isotp
 *fill*         0x08008732        0x2 
 .text.handle_single_frame
                0x08008734       0x18 ./bsw/mcal/tp/isotp.o
                0x08008734                handle_single_frame
 .text.handle_first_frame
                0x0800874c       0x48 ./bsw/mcal/tp/isotp.o
                0x0800874c                handle_first_frame
 .text.handle_consec_frame
                0x08008794       0x58 ./bsw/mcal/tp/isotp.o
                0x08008794                handle_consec_frame
 .text.isotp_can_recv
                0x080087ec       0x2c ./bsw/mcal/tp/isotp.o
                0x080087ec                isotp_can_recv
 .text.tp_recv_handler
                0x08008818       0xf0 ./bsw/mcal/uds/server/uds_server.o
                0x08008818                tp_recv_handler
 .text.UDS_Srv_Init
                0x08008908       0x28 ./bsw/mcal/uds/server/uds_server.o
                0x08008908                UDS_Srv_Init
 .text.ota_ini_after_reset
                0x08008930        0x2 ./bsw/ota/ota.o
                0x08008930                ota_ini_after_reset
 .text.ota_flashing_begin
                0x08008932        0x4 ./bsw/ota/ota.o
                0x08008932                ota_flashing_begin
 .text.ota_flashing_inprogress
                0x08008936        0x2 ./bsw/ota/ota.o
                0x08008936                ota_flashing_inprogress
 .text.ota_flashing_end
                0x08008938        0x2 ./bsw/ota/ota.o
                0x08008938                ota_flashing_end
 .text.init_buffer
                0x0800893a        0xa ./bsw/utils/circular_buffer.o
                0x0800893a                init_buffer
 .text.buffer_available
                0x08008944       0x10 ./bsw/utils/circular_buffer.o
                0x08008944                buffer_available
 .text.buffer_front
                0x08008954       0x12 ./bsw/utils/circular_buffer.o
                0x08008954                buffer_front
 .text.buffer_push
                0x08008966       0x3c ./bsw/utils/circular_buffer.o
                0x08008966                buffer_push
 .text.buffer_pop
                0x080089a2       0x20 ./bsw/utils/circular_buffer.o
                0x080089a2                buffer_pop
 .text.us_memcpy
                0x080089c2       0x32 ./bsw/utils/us_memcpy.o
                0x080089c2                us_memcpy
 .text.memset   0x080089f4       0x10 C:/ST/STM32CubeIDE_1.16.0/STM32CubeIDE/plugins/com.st.stm32cube.ide.mcu.externaltools.gnu-tools-for-stm32.12.3.rel1.win32_1.0.200.202406191623/tools/bin/../lib/gcc/arm-none-eabi/12.3.1/../../../../arm-none-eabi/lib/thumb/v7-m/nofp\libc_nano.a(libc_a-memset.o)
                0x080089f4                memset
 .text.__libc_init_array
                0x08008a04       0x48 C:/ST/STM32CubeIDE_1.16.0/STM32CubeIDE/plugins/com.st.stm32cube.ide.mcu.externaltools.gnu-tools-for-stm32.12.3.rel1.win32_1.0.200.202406191623/tools/bin/../lib/gcc/arm-none-eabi/12.3.1/../../../../arm-none-eabi/lib/thumb/v7-m/nofp\libc_nano.a(libc_a-init.o)
                0x08008a04                __libc_init_array
 .text.memcpy   0x08008a4c       0x1c C:/ST/STM32CubeIDE_1.16.0/STM32CubeIDE/plugins/com.st.stm32cube.ide.mcu.externaltools.gnu-tools-for-stm32.12.3.rel1.win32_1.0.200.202406191623/tools/bin/../lib/gcc/arm-none-eabi/12.3.1/../../../../arm-none-eabi/lib/thumb/v7-m/nofp\libc_nano.a(libc_a-memcpy-stub.o)
                0x08008a4c                memcpy
 *(.glue_7)
 .glue_7        0x08008a68        0x0 linker stubs
 *(.glue_7t)
 .glue_7t       0x08008a68        0x0 linker stubs
 *(.eh_frame)
 .eh_frame      0x08008a68        0x0 C:/ST/STM32CubeIDE_1.16.0/STM32CubeIDE/plugins/com.st.stm32cube.ide.mcu.externaltools.gnu-tools-for-stm32.12.3.rel1.win32_1.0.200.202406191623/tools/bin/../lib/gcc/arm-none-eabi/12.3.1/thumb/v7-m/nofp/crtbegin.o
 *(.init)
 .init          0x08008a68        0x4 C:/ST/STM32CubeIDE_1.16.0/STM32CubeIDE/plugins/com.st.stm32cube.ide.mcu.externaltools.gnu-tools-for-stm32.12.3.rel1.win32_1.0.200.202406191623/tools/bin/../lib/gcc/arm-none-eabi/12.3.1/thumb/v7-m/nofp/crti.o
                0x08008a68                _init
 .init          0x08008a6c        0x8 C:/ST/STM32CubeIDE_1.16.0/STM32CubeIDE/plugins/com.st.stm32cube.ide.mcu.externaltools.gnu-tools-for-stm32.12.3.rel1.win32_1.0.200.202406191623/tools/bin/../lib/gcc/arm-none-eabi/12.3.1/thumb/v7-m/nofp/crtn.o
 *(.fini)
 .fini          0x08008a74        0x4 C:/ST/STM32CubeIDE_1.16.0/STM32CubeIDE/plugins/com.st.stm32cube.ide.mcu.externaltools.gnu-tools-for-stm32.12.3.rel1.win32_1.0.200.202406191623/tools/bin/../lib/gcc/arm-none-eabi/12.3.1/thumb/v7-m/nofp/crti.o
                0x08008a74                _fini
 .fini          0x08008a78        0x8 C:/ST/STM32CubeIDE_1.16.0/STM32CubeIDE/plugins/com.st.stm32cube.ide.mcu.externaltools.gnu-tools-for-stm32.12.3.rel1.win32_1.0.200.202406191623/tools/bin/../lib/gcc/arm-none-eabi/12.3.1/thumb/v7-m/nofp/crtn.o
                0x08008a80                        . = ALIGN (0x4)
                0x08008a80                        _etext = .

.vfp11_veneer   0x08008a80        0x0
 .vfp11_veneer  0x08008a80        0x0 linker stubs

.v4_bx          0x08008a80        0x0
 .v4_bx         0x08008a80        0x0 linker stubs

.iplt           0x08008a80        0x0
 .iplt          0x08008a80        0x0 C:/ST/STM32CubeIDE_1.16.0/STM32CubeIDE/plugins/com.st.stm32cube.ide.mcu.externaltools.gnu-tools-for-stm32.12.3.rel1.win32_1.0.200.202406191623/tools/bin/../lib/gcc/arm-none-eabi/12.3.1/thumb/v7-m/nofp/crtbegin.o

.rodata         0x08008a80       0x3c
                0x08008a80                        . = ALIGN (0x4)
 *(.rodata)
 *(.rodata*)
 .rodata.main.str1.1
                0x08008a80       0x12 ./Core/Src/main.o
 .rodata.APBPrescTable
                0x08008a92        0x8 ./Core/Src/system_stm32f1xx.o
                0x08008a92                APBPrescTable
 .rodata.AHBPrescTable
                0x08008a9a       0x10 ./Core/Src/system_stm32f1xx.o
                0x08008a9a                AHBPrescTable
 .rodata.aPredivFactorTable.0
                0x08008aaa        0x2 ./Drivers/STM32F1xx_HAL_Driver/Src/stm32f1xx_hal_rcc.o
 .rodata.aPLLMULFactorTable.1
                0x08008aac       0x10 ./Drivers/STM32F1xx_HAL_Driver/Src/stm32f1xx_hal_rcc.o
                0x08008abc                        . = ALIGN (0x4)

.ARM.extab      0x08008abc        0x0
                0x08008abc                        . = ALIGN (0x4)
 *(.ARM.extab* .gnu.linkonce.armextab.*)
                0x08008abc                        . = ALIGN (0x4)

.ARM            0x08008abc        0x0
                0x08008abc                        . = ALIGN (0x4)
                0x08008abc                        __exidx_start = .
 *(.ARM.exidx*)
                0x08008abc                        __exidx_end = .
                0x08008abc                        . = ALIGN (0x4)

.preinit_array  0x08008abc        0x0
                0x08008abc                        . = ALIGN (0x4)
                0x08008abc                        PROVIDE (__preinit_array_start = .)
 *(.preinit_array*)
                0x08008abc                        PROVIDE (__preinit_array_end = .)
                0x08008abc                        . = ALIGN (0x4)

.init_array     0x08008abc        0x4
                0x08008abc                        . = ALIGN (0x4)
                0x08008abc                        PROVIDE (__init_array_start = .)
 *(SORT_BY_NAME(.init_array.*))
 *(.init_array*)
 .init_array    0x08008abc        0x4 C:/ST/STM32CubeIDE_1.16.0/STM32CubeIDE/plugins/com.st.stm32cube.ide.mcu.externaltools.gnu-tools-for-stm32.12.3.rel1.win32_1.0.200.202406191623/tools/bin/../lib/gcc/arm-none-eabi/12.3.1/thumb/v7-m/nofp/crtbegin.o
                0x08008ac0                        PROVIDE (__init_array_end = .)
                0x08008ac0                        . = ALIGN (0x4)

.fini_array     0x08008ac0        0x4
                0x08008ac0                        . = ALIGN (0x4)
                [!provide]                        PROVIDE (__fini_array_start = .)
 *(SORT_BY_NAME(.fini_array.*))
 *(.fini_array*)
 .fini_array    0x08008ac0        0x4 C:/ST/STM32CubeIDE_1.16.0/STM32CubeIDE/plugins/com.st.stm32cube.ide.mcu.externaltools.gnu-tools-for-stm32.12.3.rel1.win32_1.0.200.202406191623/tools/bin/../lib/gcc/arm-none-eabi/12.3.1/thumb/v7-m/nofp/crtbegin.o
                [!provide]                        PROVIDE (__fini_array_end = .)
                0x08008ac4                        . = ALIGN (0x4)
                0x08008ac4                        _sidata = LOADADDR (.data)

.rel.dyn        0x08008ac4        0x0
 .rel.iplt      0x08008ac4        0x0 C:/ST/STM32CubeIDE_1.16.0/STM32CubeIDE/plugins/com.st.stm32cube.ide.mcu.externaltools.gnu-tools-for-stm32.12.3.rel1.win32_1.0.200.202406191623/tools/bin/../lib/gcc/arm-none-eabi/12.3.1/thumb/v7-m/nofp/crtbegin.o

.data           0x20000000        0xc load address 0x08008ac4
                0x20000000                        . = ALIGN (0x4)
                0x20000000                        _sdata = .
 *(.data)
 *(.data*)
 .data.SystemCoreClock
                0x20000000        0x4 ./Core/Src/system_stm32f1xx.o
                0x20000000                SystemCoreClock
 .data.uwTickFreq
                0x20000004        0x1 ./Drivers/STM32F1xx_HAL_Driver/Src/stm32f1xx_hal.o
                0x20000004                uwTickFreq
 *fill*         0x20000005        0x3 
 .data.uwTickPrio
                0x20000008        0x4 ./Drivers/STM32F1xx_HAL_Driver/Src/stm32f1xx_hal.o
                0x20000008                uwTickPrio
 *(.RamFunc)
 *(.RamFunc*)
                0x2000000c                        . = ALIGN (0x4)
                0x2000000c                        _edata = .

.igot.plt       0x2000000c        0x0 load address 0x08008ad0
 .igot.plt      0x2000000c        0x0 C:/ST/STM32CubeIDE_1.16.0/STM32CubeIDE/plugins/com.st.stm32cube.ide.mcu.externaltools.gnu-tools-for-stm32.12.3.rel1.win32_1.0.200.202406191623/tools/bin/../lib/gcc/arm-none-eabi/12.3.1/thumb/v7-m/nofp/crtbegin.o
                0x2000000c                        . = ALIGN (0x4)

.bss            0x2000000c      0xa90 load address 0x08008ad0
                0x2000000c                        _sbss = .
                0x2000000c                        __bss_start__ = _sbss
 *(.bss)
 .bss           0x2000000c       0x1c C:/ST/STM32CubeIDE_1.16.0/STM32CubeIDE/plugins/com.st.stm32cube.ide.mcu.externaltools.gnu-tools-for-stm32.12.3.rel1.win32_1.0.200.202406191623/tools/bin/../lib/gcc/arm-none-eabi/12.3.1/thumb/v7-m/nofp/crtbegin.o
 *(.bss*)
 .bss.counter.0
                0x20000028        0x2 ./Core/Src/main.o
 *fill*         0x2000002a        0x2 
 .bss.huart2    0x2000002c       0x48 ./Core/Src/main.o
                0x2000002c                huart2
 .bss.htim2     0x20000074       0x48 ./Core/Src/main.o
                0x20000074                htim2
 .bss.htim1     0x200000bc       0x48 ./Core/Src/main.o
                0x200000bc                htim1
 .bss.hcan      0x20000104       0x28 ./Core/Src/main.o
                0x20000104                hcan
 .bss.uwTick    0x2000012c        0x4 ./Drivers/STM32F1xx_HAL_Driver/Src/stm32f1xx_hal.o
                0x2000012c                uwTick
 .bss.can_rx_msg_buff
                0x20000130      0x900 ./bsw/mcal/can/mcal_can.o
 .bss.can_rx_fifo
                0x20000a30        0xc ./bsw/mcal/can/mcal_can.o
 .bss.link      0x20000a3c        0x4 ./bsw/mcal/tp/isotp.o
 .bss.srv_link  0x20000a40       0x1c ./bsw/mcal/uds/server/uds_server.o
 .bss.srv_payload
                0x20000a5c       0x40 ./bsw/mcal/uds/server/uds_server.o
 *(COMMON)
                0x20000a9c                        . = ALIGN (0x4)
                0x20000a9c                        _ebss = .
                0x20000a9c                        __bss_end__ = _ebss

._user_heap_stack
                0x20000a9c      0x604 load address 0x08008ad0
                0x20000aa0                        . = ALIGN (0x8)
 *fill*         0x20000a9c        0x4 
                [!provide]                        PROVIDE (end = .)
                0x20000aa0                        PROVIDE (_end = .)
                0x20000ca0                        . = (. + _Min_Heap_Size)
 *fill*         0x20000aa0      0x200 
                0x200010a0                        . = (. + _Min_Stack_Size)
 *fill*         0x20000ca0      0x400 
                0x200010a0                        . = ALIGN (0x8)

/DISCARD/
 libc.a(*)
 libm.a(*)
 libgcc.a(*)

.ARM.attributes
                0x00000000       0x29
 *(.ARM.attributes)
 .ARM.attributes
                0x00000000       0x1d C:/ST/STM32CubeIDE_1.16.0/STM32CubeIDE/plugins/com.st.stm32cube.ide.mcu.externaltools.gnu-tools-for-stm32.12.3.rel1.win32_1.0.200.202406191623/tools/bin/../lib/gcc/arm-none-eabi/12.3.1/thumb/v7-m/nofp/crti.o
 .ARM.attributes
                0x0000001d       0x2d C:/ST/STM32CubeIDE_1.16.0/STM32CubeIDE/plugins/com.st.stm32cube.ide.mcu.externaltools.gnu-tools-for-stm32.12.3.rel1.win32_1.0.200.202406191623/tools/bin/../lib/gcc/arm-none-eabi/12.3.1/thumb/v7-m/nofp/crtbegin.o
 .ARM.attributes
                0x0000004a       0x2d ./Core/Src/main.o
 .ARM.attributes
                0x00000077       0x2d ./Core/Src/stm32f1xx_hal_msp.o
 .ARM.attributes
                0x000000a4       0x2d ./Core/Src/stm32f1xx_it.o
 .ARM.attributes
                0x000000d1       0x2d ./Core/Src/system_stm32f1xx.o
 .ARM.attributes
                0x000000fe       0x21 ./Core/Startup/startup_stm32f103c8tx.o
 .ARM.attributes
                0x0000011f       0x2d ./Drivers/STM32F1xx_HAL_Driver/Src/stm32f1xx_hal.o
 .ARM.attributes
                0x0000014c       0x2d ./Drivers/STM32F1xx_HAL_Driver/Src/stm32f1xx_hal_can.o
 .ARM.attributes
                0x00000179       0x2d ./Drivers/STM32F1xx_HAL_Driver/Src/stm32f1xx_hal_cortex.o
 .ARM.attributes
                0x000001a6       0x2d ./Drivers/STM32F1xx_HAL_Driver/Src/stm32f1xx_hal_dma.o
 .ARM.attributes
                0x000001d3       0x2d ./Drivers/STM32F1xx_HAL_Driver/Src/stm32f1xx_hal_gpio.o
 .ARM.attributes
                0x00000200       0x2d ./Drivers/STM32F1xx_HAL_Driver/Src/stm32f1xx_hal_rcc.o
 .ARM.attributes
                0x0000022d       0x2d ./Drivers/STM32F1xx_HAL_Driver/Src/stm32f1xx_hal_tim.o
 .ARM.attributes
                0x0000025a       0x2d ./Drivers/STM32F1xx_HAL_Driver/Src/stm32f1xx_hal_tim_ex.o
 .ARM.attributes
                0x00000287       0x2d ./Drivers/STM32F1xx_HAL_Driver/Src/stm32f1xx_hal_uart.o
 .ARM.attributes
                0x000002b4       0x2d ./bsw/dcm/dcm.o
 .ARM.attributes
                0x000002e1       0x2d ./bsw/mcal/can/mcal_can.o
 .ARM.attributes
                0x0000030e       0x2d ./bsw/mcal/com/com_proc.o
 .ARM.attributes
                0x0000033b       0x2d ./bsw/mcal/tp/isotp.o
 .ARM.attributes
                0x00000368       0x2d ./bsw/mcal/uds/server/uds_server.o
 .ARM.attributes
                0x00000395       0x2d ./bsw/ota/ota.o
 .ARM.attributes
                0x000003c2       0x2d ./bsw/utils/circular_buffer.o
 .ARM.attributes
                0x000003ef       0x2d ./bsw/utils/us_memcpy.o
 .ARM.attributes
                0x0000041c       0x2d C:/ST/STM32CubeIDE_1.16.0/STM32CubeIDE/plugins/com.st.stm32cube.ide.mcu.externaltools.gnu-tools-for-stm32.12.3.rel1.win32_1.0.200.202406191623/tools/bin/../lib/gcc/arm-none-eabi/12.3.1/../../../../arm-none-eabi/lib/thumb/v7-m/nofp\libc_nano.a(libc_a-memset.o)
 .ARM.attributes
                0x00000449       0x2d C:/ST/STM32CubeIDE_1.16.0/STM32CubeIDE/plugins/com.st.stm32cube.ide.mcu.externaltools.gnu-tools-for-stm32.12.3.rel1.win32_1.0.200.202406191623/tools/bin/../lib/gcc/arm-none-eabi/12.3.1/../../../../arm-none-eabi/lib/thumb/v7-m/nofp\libc_nano.a(libc_a-init.o)
 .ARM.attributes
                0x00000476       0x2d C:/ST/STM32CubeIDE_1.16.0/STM32CubeIDE/plugins/com.st.stm32cube.ide.mcu.externaltools.gnu-tools-for-stm32.12.3.rel1.win32_1.0.200.202406191623/tools/bin/../lib/gcc/arm-none-eabi/12.3.1/../../../../arm-none-eabi/lib/thumb/v7-m/nofp\libc_nano.a(libc_a-memcpy-stub.o)
 .ARM.attributes
                0x000004a3       0x1d C:/ST/STM32CubeIDE_1.16.0/STM32CubeIDE/plugins/com.st.stm32cube.ide.mcu.externaltools.gnu-tools-for-stm32.12.3.rel1.win32_1.0.200.202406191623/tools/bin/../lib/gcc/arm-none-eabi/12.3.1/thumb/v7-m/nofp/crtn.o
OUTPUT(ota_app.elf elf32-littlearm)
LOAD linker stubs
LOAD C:/ST/STM32CubeIDE_1.16.0/STM32CubeIDE/plugins/com.st.stm32cube.ide.mcu.externaltools.gnu-tools-for-stm32.12.3.rel1.win32_1.0.200.202406191623/tools/bin/../lib/gcc/arm-none-eabi/12.3.1/../../../../arm-none-eabi/lib/thumb/v7-m/nofp\libc.a
LOAD C:/ST/STM32CubeIDE_1.16.0/STM32CubeIDE/plugins/com.st.stm32cube.ide.mcu.externaltools.gnu-tools-for-stm32.12.3.rel1.win32_1.0.200.202406191623/tools/bin/../lib/gcc/arm-none-eabi/12.3.1/../../../../arm-none-eabi/lib/thumb/v7-m/nofp\libm.a
LOAD C:/ST/STM32CubeIDE_1.16.0/STM32CubeIDE/plugins/com.st.stm32cube.ide.mcu.externaltools.gnu-tools-for-stm32.12.3.rel1.win32_1.0.200.202406191623/tools/bin/../lib/gcc/arm-none-eabi/12.3.1/thumb/v7-m/nofp\libgcc.a

.comment        0x00000000       0x43
 .comment       0x00000000       0x43 ./Core/Src/main.o
                                 0x44 (size before relaxing)
 .comment       0x00000043       0x44 ./Core/Src/stm32f1xx_hal_msp.o
 .comment       0x00000043       0x44 ./Core/Src/stm32f1xx_it.o
 .comment       0x00000043       0x44 ./Core/Src/system_stm32f1xx.o
 .comment       0x00000043       0x44 ./Drivers/STM32F1xx_HAL_Driver/Src/stm32f1xx_hal.o
 .comment       0x00000043       0x44 ./Drivers/STM32F1xx_HAL_Driver/Src/stm32f1xx_hal_can.o
 .comment       0x00000043       0x44 ./Drivers/STM32F1xx_HAL_Driver/Src/stm32f1xx_hal_cortex.o
 .comment       0x00000043       0x44 ./Drivers/STM32F1xx_HAL_Driver/Src/stm32f1xx_hal_dma.o
 .comment       0x00000043       0x44 ./Drivers/STM32F1xx_HAL_Driver/Src/stm32f1xx_hal_gpio.o
 .comment       0x00000043       0x44 ./Drivers/STM32F1xx_HAL_Driver/Src/stm32f1xx_hal_rcc.o
 .comment       0x00000043       0x44 ./Drivers/STM32F1xx_HAL_Driver/Src/stm32f1xx_hal_tim.o
 .comment       0x00000043       0x44 ./Drivers/STM32F1xx_HAL_Driver/Src/stm32f1xx_hal_tim_ex.o
 .comment       0x00000043       0x44 ./Drivers/STM32F1xx_HAL_Driver/Src/stm32f1xx_hal_uart.o
 .comment       0x00000043       0x44 ./bsw/dcm/dcm.o
 .comment       0x00000043       0x44 ./bsw/mcal/can/mcal_can.o
 .comment       0x00000043       0x44 ./bsw/mcal/com/com_proc.o
 .comment       0x00000043       0x44 ./bsw/mcal/tp/isotp.o
 .comment       0x00000043       0x44 ./bsw/mcal/uds/server/uds_server.o
 .comment       0x00000043       0x44 ./bsw/ota/ota.o
 .comment       0x00000043       0x44 ./bsw/utils/circular_buffer.o
 .comment       0x00000043       0x44 ./bsw/utils/us_memcpy.o

.debug_frame    0x00000000       0x74
 .debug_frame   0x00000000       0x20 C:/ST/STM32CubeIDE_1.16.0/STM32CubeIDE/plugins/com.st.stm32cube.ide.mcu.externaltools.gnu-tools-for-stm32.12.3.rel1.win32_1.0.200.202406191623/tools/bin/../lib/gcc/arm-none-eabi/12.3.1/../../../../arm-none-eabi/lib/thumb/v7-m/nofp\libc_nano.a(libc_a-memset.o)
 .debug_frame   0x00000020       0x2c C:/ST/STM32CubeIDE_1.16.0/STM32CubeIDE/plugins/com.st.stm32cube.ide.mcu.externaltools.gnu-tools-for-stm32.12.3.rel1.win32_1.0.200.202406191623/tools/bin/../lib/gcc/arm-none-eabi/12.3.1/../../../../arm-none-eabi/lib/thumb/v7-m/nofp\libc_nano.a(libc_a-init.o)
 .debug_frame   0x0000004c       0x28 C:/ST/STM32CubeIDE_1.16.0/STM32CubeIDE/plugins/com.st.stm32cube.ide.mcu.externaltools.gnu-tools-for-stm32.12.3.rel1.win32_1.0.200.202406191623/tools/bin/../lib/gcc/arm-none-eabi/12.3.1/../../../../arm-none-eabi/lib/thumb/v7-m/nofp\libc_nano.a(libc_a-memcpy-stub.o)
