Archive member included to satisfy reference by file (symbol)

C:/ST/STM32CubeIDE_1.16.0/STM32CubeIDE/plugins/com.st.stm32cube.ide.mcu.externaltools.gnu-tools-for-stm32.12.3.rel1.win32_1.0.200.202406191623/tools/bin/../lib/gcc/arm-none-eabi/12.3.1/../../../../arm-none-eabi/lib/thumb/v7-m/nofp\libc_nano.a(libc_a-exit.o)
                              C:/ST/STM32CubeIDE_1.16.0/STM32CubeIDE/plugins/com.st.stm32cube.ide.mcu.externaltools.gnu-tools-for-stm32.12.3.rel1.win32_1.0.200.202406191623/tools/bin/../lib/gcc/arm-none-eabi/12.3.1/../../../../arm-none-eabi/lib/thumb/v7-m/nofp/crt0.o (exit)
C:/ST/STM32CubeIDE_1.16.0/STM32CubeIDE/plugins/com.st.stm32cube.ide.mcu.externaltools.gnu-tools-for-stm32.12.3.rel1.win32_1.0.200.202406191623/tools/bin/../lib/gcc/arm-none-eabi/12.3.1/../../../../arm-none-eabi/lib/thumb/v7-m/nofp\libc_nano.a(libc_a-findfp.o)
                              C:/ST/STM32CubeIDE_1.16.0/STM32CubeIDE/plugins/com.st.stm32cube.ide.mcu.externaltools.gnu-tools-for-stm32.12.3.rel1.win32_1.0.200.202406191623/tools/bin/../lib/gcc/arm-none-eabi/12.3.1/../../../../arm-none-eabi/lib/thumb/v7-m/nofp\libc_nano.a(libc_a-exit.o) (__stdio_exit_handler)
C:/ST/STM32CubeIDE_1.16.0/STM32CubeIDE/plugins/com.st.stm32cube.ide.mcu.externaltools.gnu-tools-for-stm32.12.3.rel1.win32_1.0.200.202406191623/tools/bin/../lib/gcc/arm-none-eabi/12.3.1/../../../../arm-none-eabi/lib/thumb/v7-m/nofp\libc_nano.a(libc_a-fwalk.o)
                              C:/ST/STM32CubeIDE_1.16.0/STM32CubeIDE/plugins/com.st.stm32cube.ide.mcu.externaltools.gnu-tools-for-stm32.12.3.rel1.win32_1.0.200.202406191623/tools/bin/../lib/gcc/arm-none-eabi/12.3.1/../../../../arm-none-eabi/lib/thumb/v7-m/nofp\libc_nano.a(libc_a-findfp.o) (_fwalk_sglue)
C:/ST/STM32CubeIDE_1.16.0/STM32CubeIDE/plugins/com.st.stm32cube.ide.mcu.externaltools.gnu-tools-for-stm32.12.3.rel1.win32_1.0.200.202406191623/tools/bin/../lib/gcc/arm-none-eabi/12.3.1/../../../../arm-none-eabi/lib/thumb/v7-m/nofp\libc_nano.a(libc_a-stdio.o)
                              C:/ST/STM32CubeIDE_1.16.0/STM32CubeIDE/plugins/com.st.stm32cube.ide.mcu.externaltools.gnu-tools-for-stm32.12.3.rel1.win32_1.0.200.202406191623/tools/bin/../lib/gcc/arm-none-eabi/12.3.1/../../../../arm-none-eabi/lib/thumb/v7-m/nofp\libc_nano.a(libc_a-findfp.o) (__sread)
C:/ST/STM32CubeIDE_1.16.0/STM32CubeIDE/plugins/com.st.stm32cube.ide.mcu.externaltools.gnu-tools-for-stm32.12.3.rel1.win32_1.0.200.202406191623/tools/bin/../lib/gcc/arm-none-eabi/12.3.1/../../../../arm-none-eabi/lib/thumb/v7-m/nofp\libc_nano.a(libc_a-memset.o)
                              C:/ST/STM32CubeIDE_1.16.0/STM32CubeIDE/plugins/com.st.stm32cube.ide.mcu.externaltools.gnu-tools-for-stm32.12.3.rel1.win32_1.0.200.202406191623/tools/bin/../lib/gcc/arm-none-eabi/12.3.1/../../../../arm-none-eabi/lib/thumb/v7-m/nofp/crt0.o (memset)
C:/ST/STM32CubeIDE_1.16.0/STM32CubeIDE/plugins/com.st.stm32cube.ide.mcu.externaltools.gnu-tools-for-stm32.12.3.rel1.win32_1.0.200.202406191623/tools/bin/../lib/gcc/arm-none-eabi/12.3.1/../../../../arm-none-eabi/lib/thumb/v7-m/nofp\libc_nano.a(libc_a-closer.o)
                              C:/ST/STM32CubeIDE_1.16.0/STM32CubeIDE/plugins/com.st.stm32cube.ide.mcu.externaltools.gnu-tools-for-stm32.12.3.rel1.win32_1.0.200.202406191623/tools/bin/../lib/gcc/arm-none-eabi/12.3.1/../../../../arm-none-eabi/lib/thumb/v7-m/nofp\libc_nano.a(libc_a-stdio.o) (_close_r)
C:/ST/STM32CubeIDE_1.16.0/STM32CubeIDE/plugins/com.st.stm32cube.ide.mcu.externaltools.gnu-tools-for-stm32.12.3.rel1.win32_1.0.200.202406191623/tools/bin/../lib/gcc/arm-none-eabi/12.3.1/../../../../arm-none-eabi/lib/thumb/v7-m/nofp\libc_nano.a(libc_a-reent.o)
                              C:/ST/STM32CubeIDE_1.16.0/STM32CubeIDE/plugins/com.st.stm32cube.ide.mcu.externaltools.gnu-tools-for-stm32.12.3.rel1.win32_1.0.200.202406191623/tools/bin/../lib/gcc/arm-none-eabi/12.3.1/../../../../arm-none-eabi/lib/thumb/v7-m/nofp\libc_nano.a(libc_a-closer.o) (errno)
C:/ST/STM32CubeIDE_1.16.0/STM32CubeIDE/plugins/com.st.stm32cube.ide.mcu.externaltools.gnu-tools-for-stm32.12.3.rel1.win32_1.0.200.202406191623/tools/bin/../lib/gcc/arm-none-eabi/12.3.1/../../../../arm-none-eabi/lib/thumb/v7-m/nofp\libc_nano.a(libc_a-impure.o)
                              C:/ST/STM32CubeIDE_1.16.0/STM32CubeIDE/plugins/com.st.stm32cube.ide.mcu.externaltools.gnu-tools-for-stm32.12.3.rel1.win32_1.0.200.202406191623/tools/bin/../lib/gcc/arm-none-eabi/12.3.1/../../../../arm-none-eabi/lib/thumb/v7-m/nofp\libc_nano.a(libc_a-reent.o) (_impure_ptr)
C:/ST/STM32CubeIDE_1.16.0/STM32CubeIDE/plugins/com.st.stm32cube.ide.mcu.externaltools.gnu-tools-for-stm32.12.3.rel1.win32_1.0.200.202406191623/tools/bin/../lib/gcc/arm-none-eabi/12.3.1/../../../../arm-none-eabi/lib/thumb/v7-m/nofp\libc_nano.a(libc_a-lseekr.o)
[...]
Memory Configuration

Name             Origin             Length             Attributes
RAM              0x20000000         0x00005000         xrw
FLASH            0x08006000         0x00010000         xr
*default*        0x00000000         0xffffffff

Linker script and memory map

LOAD C:/ST/STM32CubeIDE_1.16.0/STM32CubeIDE/plugins/com.st.stm32cube.ide.mcu.externaltools.gnu-tools-for-stm32.12.3.rel1.win32_1.0.200.202406191623/tools/bin/../lib/gcc/arm-none-eabi/12.3.1/thumb/v7-m/nofp/crti.o
LOAD C:/ST/STM32CubeIDE_1.16.0/STM32CubeIDE/plugins/com.st.stm32cube.ide.mcu.externaltools.gnu-tools-for-stm32.12.3.rel1.win32_1.0.200.202406191623/tools/bin/../lib/gcc/arm-none-eabi/12.3.1/thumb/v7-m/nofp/crtbegin.o
LOAD C:/ST/STM32CubeIDE_1.16.0/STM32CubeIDE/plugins/com.st.stm32cube.ide.mcu.externaltools.gnu-tools-for-stm32.12.3.rel1.win32_1.0.200.202406191623/tools/bin/../lib/gcc/arm-none-eabi/12.3.1/../../../../arm-none-eabi/lib/thumb/v7-m/nofp/crt0.o
LOAD ./Core/Src/main.o
LOAD ./Core/Src/stm32f1xx_hal_msp.o
LOAD ./Core/Src/stm32f1xx_it.o
LOAD ./Core/Src/syscalls.o
LOAD ./Core/Src/sysmem.o
LOAD ./Core/Src/system_stm32f1xx.o
LOAD ./Core/Startup/startup_stm32f103c8tx.o
LOAD ./Drivers/STM32F1xx_HAL_Driver/Src/stm32f1xx_hal.o
LOAD ./Drivers/STM32F1xx_HAL_Driver/Src/stm32f1xx_hal_can.o
LOAD ./Drivers/STM32F1xx_HAL_Driver/Src/stm32f1xx_hal_cortex.o
LOAD ./Drivers/STM32F1xx_HAL_Driver/Src/stm32f1xx_hal_dma.o
LOAD ./Drivers/STM32F1xx_HAL_Driver/Src/stm32f1xx_hal_exti.o
LOAD ./Drivers/STM32F1xx_HAL_Driver/Src/stm32f1xx_hal_flash.o
LOAD ./Drivers/STM32F1xx_HAL_Driver/Src/stm32f1xx_hal_flash_ex.o
LOAD ./Drivers/STM32F1xx_HAL_Driver/Src/stm32f1xx_hal_gpio.o
LOAD ./Drivers/STM32F1xx_HAL_Driver/Src/stm32f1xx_hal_gpio_ex.o
LOAD ./Drivers/STM32F1xx_HAL_Driver/Src/stm32f1xx_hal_pwr.o
LOAD ./Drivers/STM32F1xx_HAL_Driver/Src/stm32f1xx_hal_rcc.o
LOAD ./Drivers/STM32F1xx_HAL_Driver/Src/stm32f1xx_hal_rcc_ex.o
LOAD ./Drivers/STM32F1xx_HAL_Driver/Src/stm32f1xx_hal_tim.o
LOAD ./Drivers/STM32F1xx_HAL_Driver/Src/stm32f1xx_hal_tim_ex.o
LOAD ./Drivers/STM32F1xx_HAL_Driver/Src/stm32f1xx_hal_uart.o
LOAD ./bsw/dcm/dcm.o
LOAD ./bsw/mcal/can/mcal_can.o
LOAD ./bsw/mcal/com/com_proc.o
LOAD ./bsw/mcal/tp/isotp.o
LOAD ./bsw/mcal/uart2/mcal_uart2.o
LOAD ./bsw/mcal/uds/server/uds_server.o
LOAD ./bsw/ota/ota.o
LOAD ./bsw/utils/circular_buffer.o
LOAD ./bsw/utils/flash_handling.o
LOAD ./bsw/utils/us_memcpy.o
START GROUP
LOAD C:/ST/STM32CubeIDE_1.16.0/STM32CubeIDE/plugins/com.st.stm32cube.ide.mcu.externaltools.gnu-tools-for-stm32.12.3.rel1.win32_1.0.200.202406191623/tools/bin/../lib/gcc/arm-none-eabi/12.3.1/../../../../arm-none-eabi/lib/thumb/v7-m/nofp\libc_nano.a
LOAD C:/ST/STM32CubeIDE_1.16.0/STM32CubeIDE/plugins/com.st.stm32cube.ide.mcu.externaltools.gnu-tools-for-stm32.12.3.rel1.win32_1.0.200.202406191623/tools/bin/../lib/gcc/arm-none-eabi/12.3.1/../../../../arm-none-eabi/lib/thumb/v7-m/nofp\libm.a
END GROUP
START GROUP
LOAD C:/ST/STM32CubeIDE_1.16.0/STM32CubeIDE/plugins/com.st.stm32cube.ide.mcu.externaltools.gnu-tools-for-stm32.12.3.rel1.win32_1.0.200.202406191623/tools/bin/../lib/gcc/arm-none-eabi/12.3.1/thumb/v7-m/nofp\libgcc.a
LOAD C:/ST/STM32CubeIDE_1.16.0/STM32CubeIDE/plugins/com.st.stm32cube.ide.mcu.externaltools.gnu-tools-for-stm32.12.3.rel1.win32_1.0.200.202406191623/tools/bin/../lib/gcc/arm-none-eabi/12.3.1/../../../../arm-none-eabi/lib/thumb/v7-m/nofp\libc_nano.a
END GROUP
START GROUP
LOAD C:/ST/STM32CubeIDE_1.16.0/STM32CubeIDE/plugins/com.st.stm32cube.ide.mcu.externaltools.gnu-tools-for-stm32.12.3.rel1.win32_1.0.200.202406191623/tools/bin/../lib/gcc/arm-none-eabi/12.3.1/thumb/v7-m/nofp\libgcc.a
LOAD C:/ST/STM32CubeIDE_1.16.0/STM32CubeIDE/plugins/com.st.stm32cube.ide.mcu.externaltools.gnu-tools-for-stm32.12.3.rel1.win32_1.0.200.202406191623/tools/bin/../lib/gcc/arm-none-eabi/12.3.1/../../../../arm-none-eabi/lib/thumb/v7-m/nofp\libc_nano.a
LOAD C:/ST/STM32CubeIDE_1.16.0/STM32CubeIDE/plugins/com.st.stm32cube.ide.mcu.externaltools.gnu-tools-for-stm32.12.3.rel1.win32_1.0.200.202406191623/tools/bin/../lib/gcc/arm-none-eabi/12.3.1/../../../../arm-none-eabi/lib/thumb/v7-m/nofp\libnosys.a
END GROUP
START GROUP
LOAD C:/ST/STM32CubeIDE_1.16.0/STM32CubeIDE/plugins/com.st.stm32cube.ide.mcu.externaltools.gnu-tools-for-stm32.12.3.rel1.win32_1.0.200.202406191623/tools/bin/../lib/gcc/arm-none-eabi/12.3.1/thumb/v7-m/nofp\libgcc.a
LOAD C:/ST/STM32CubeIDE_1.16.0/STM32CubeIDE/plugins/com.st.stm32cube.ide.mcu.externaltools.gnu-tools-for-stm32.12.3.rel1.win32_1.0.200.202406191623/tools/bin/../lib/gcc/arm-none-eabi/12.3.1/../../../../arm-none-eabi/lib/thumb/v7-m/nofp\libc_nano.a
LOAD C:/ST/STM32CubeIDE_1.16.0/STM32CubeIDE/plugins/com.st.stm32cube.ide.mcu.externaltools.gnu-tools-for-stm32.12.3.rel1.win32_1.0.200.202406191623/tools/bin/../lib/gcc/arm-none-eabi/12.3.1/../../../../arm-none-eabi/lib/thumb/v7-m/nofp\libnosys.a
END GROUP
LOAD C:/ST/STM32CubeIDE_1.16.0/STM32CubeIDE/plugins/com.st.stm32cube.ide.mcu.externaltools.gnu-tools-for-stm32.12.3.rel1.win32_1.0.200.202406191623/tools/bin/../lib/gcc/arm-none-eabi/12.3.1/thumb/v7-m/nofp/crtend.o
LOAD C:/ST/STM32CubeIDE_1.16.0/STM32CubeIDE/plugins/com.st.stm32cube.ide.mcu.externaltools.gnu-tools-for-stm32.12.3.rel1.win32_1.0.200.202406191623/tools/bin/../lib/gcc/arm-none-eabi/12.3.1/thumb/v7-m/nofp/crtn.o
                0x20005000                        _estack = (ORIGIN (RAM) + LENGTH (RAM))
                0x00000200                        _Min_Heap_Size = 0x200
                0x00000400                        _Min_Stack_Size = 0x400

.isr_vector     0x08006000      0x10c
                0x08006000                        . = ALIGN (0x4)
 *(.isr_vector)
 .isr_vector    0x08006000      0x10c ./Core/Startup/startup_stm32f103c8tx.o
                0x08006000                g_pfnVectors
                0x0800610c                        . = ALIGN (0x4)

.text           0x0800610c     0x2914
                0x0800610c                        . = ALIGN (0x4)
 *(.text)
 .text          0x0800610c       0x40 C:/ST/STM32CubeIDE_1.16.0/STM32CubeIDE/plugins/com.st.stm32cube.ide.mcu.externaltools.gnu-tools-for-stm32.12.3.rel1.win32_1.0.200.202406191623/tools/bin/../lib/gcc/arm-none-eabi/12.3.1/thumb/v7-m/nofp/crtbegin.o
 *(.text*)
 .text.SystemClock_Config
                0x0800614c       0x5e ./Core/Src/main.o
                0x0800614c                SystemClock_Config
 *fill*         0x080061aa        0x2 
 .text.startup.main
                0x080061ac      0x2bc ./Core/Src/main.o
                0x080061ac                main
 .text.HAL_MspInit
                0x08006468       0x44 ./Core/Src/stm32f1xx_hal_msp.o
                0x08006468                HAL_MspInit
 .text.HAL_CAN_MspInit
                0x080064ac       0x98 ./Core/Src/stm32f1xx_hal_msp.o
                0x080064ac                HAL_CAN_MspInit
 .text.HAL_TIM_Base_MspInit
                0x08006544       0x8c ./Core/Src/stm32f1xx_hal_msp.o
                0x08006544                HAL_TIM_Base_MspInit
 .text.HAL_TIM_MspPostInit
                0x080065d0       0x64 ./Core/Src/stm32f1xx_hal_msp.o
                0x080065d0                HAL_TIM_MspPostInit
 .text.HAL_UART_MspInit
                0x08006634       0x84 ./Core/Src/stm32f1xx_hal_msp.o
                0x08006634                HAL_UART_MspInit
 .text.NMI_Handler
                0x080066b8        0x2 ./Core/Src/stm32f1xx_it.o
                0x080066b8                NMI_Handler
 .text.HardFault_Handler
                0x080066ba        0x2 ./Core/Src/stm32f1xx_it.o
                0x080066ba                HardFault_Handler
 .text.MemManage_Handler
                0x080066bc        0x2 ./Core/Src/stm32f1xx_it.o
                0x080066bc                MemManage_Handler
 .text.BusFault_Handler
                0x080066be        0x2 ./Core/Src/stm32f1xx_it.o
                0x080066be                BusFault_Handler
 .text.UsageFault_Handler
                0x080066c0        0x2 ./Core/Src/stm32f1xx_it.o
                0x080066c0                UsageFault_Handler
 .text.SVC_Handler
                0x080066c2        0x2 ./Core/Src/stm32f1xx_it.o
                0x080066c2                SVC_Handler
 .text.DebugMon_Handler
                0x080066c4        0x2 ./Core/Src/stm32f1xx_it.o
                0x080066c4                DebugMon_Handler
 .text.PendSV_Handler
                0x080066c6        0x2 ./Core/Src/stm32f1xx_it.o
                0x080066c6                PendSV_Handler
 .text.SysTick_Handler
                0x080066c8        0x4 ./Core/Src/stm32f1xx_it.o
                0x080066c8                SysTick_Handler
 .text.USB_LP_CAN1_RX0_IRQHandler
                0x080066cc        0xc ./Core/Src/stm32f1xx_it.o
                0x080066cc                USB_LP_CAN1_RX0_IRQHandler
 .text.TIM2_IRQHandler
                0x080066d8        0xc ./Core/Src/stm32f1xx_it.o
                0x080066d8                TIM2_IRQHandler
 .text.USART2_IRQHandler
                0x080066e4        0xc ./Core/Src/stm32f1xx_it.o
                0x080066e4                USART2_IRQHandler
 .text.SystemInit
                0x080066f0       0x10 ./Core/Src/system_stm32f1xx.o
                0x080066f0                SystemInit
 .text.Reset_Handler
                0x08006700       0x48 ./Core/Startup/startup_stm32f103c8tx.o
                0x08006700                Reset_Handler
 .text.Default_Handler
                0x08006748        0x2 ./Core/Startup/startup_stm32f103c8tx.o
                0x08006748                RTC_Alarm_IRQHandler
                0x08006748                EXTI2_IRQHandler
                0x08006748                TIM1_CC_IRQHandler
                0x08006748                PVD_IRQHandler
                0x08006748                EXTI3_IRQHandler
                0x08006748                EXTI0_IRQHandler
                0x08006748                I2C2_EV_IRQHandler
                0x08006748                ADC1_2_IRQHandler
                0x08006748                SPI1_IRQHandler
                0x08006748                TAMPER_IRQHandler
                0x08006748                DMA1_Channel4_IRQHandler
                0x08006748                USART3_IRQHandler
                0x08006748                RTC_IRQHandler
                0x08006748                DMA1_Channel7_IRQHandler
                0x08006748                CAN1_RX1_IRQHandler
                0x08006748                TIM4_IRQHandler
                0x08006748                I2C1_EV_IRQHandler
                0x08006748                DMA1_Channel6_IRQHandler
                0x08006748                TIM3_IRQHandler
                0x08006748                RCC_IRQHandler
                0x08006748                TIM1_TRG_COM_IRQHandler
                0x08006748                DMA1_Channel1_IRQHandler
                0x08006748                Default_Handler
                0x08006748                EXTI15_10_IRQHandler
                0x08006748                EXTI9_5_IRQHandler
                0x08006748                SPI2_IRQHandler
                0x08006748                DMA1_Channel5_IRQHandler
                0x08006748                EXTI4_IRQHandler
                0x08006748                USB_HP_CAN1_TX_IRQHandler
                0x08006748                DMA1_Channel3_IRQHandler
                0x08006748                TIM1_UP_IRQHandler
                0x08006748                WWDG_IRQHandler
                0x08006748                TIM1_BRK_IRQHandler
                0x08006748                EXTI1_IRQHandler
                0x08006748                I2C2_ER_IRQHandler
                0x08006748                DMA1_Channel2_IRQHandler
                0x08006748                CAN1_SCE_IRQHandler
                0x08006748                FLASH_IRQHandler
                0x08006748                USART1_IRQHandler
                0x08006748                I2C1_ER_IRQHandler
                0x08006748                USBWakeUp_IRQHandler
 *fill*         0x0800674a        0x2 
 .text.HAL_InitTick
                0x0800674c       0x48 ./Drivers/STM32F1xx_HAL_Driver/Src/stm32f1xx_hal.o
                0x0800674c                HAL_InitTick
 .text.HAL_Init
                0x08006794       0x24 ./Drivers/STM32F1xx_HAL_Driver/Src/stm32f1xx_hal.o
                0x08006794                HAL_Init
 .text.HAL_IncTick
                0x080067b8       0x18 ./Drivers/STM32F1xx_HAL_Driver/Src/stm32f1xx_hal.o
                0x080067b8                HAL_IncTick
 .text.HAL_GetTick
                0x080067d0        0xc ./Drivers/STM32F1xx_HAL_Driver/Src/stm32f1xx_hal.o
                0x080067d0                HAL_GetTick
 .text.HAL_Delay
                0x080067dc       0x24 ./Drivers/STM32F1xx_HAL_Driver/Src/stm32f1xx_hal.o
                0x080067dc                HAL_Delay
 .text.HAL_CAN_Init
                0x08006800       0xf6 ./Drivers/STM32F1xx_HAL_Driver/Src/stm32f1xx_hal_can.o
                0x08006800                HAL_CAN_Init
 .text.HAL_CAN_ConfigFilter
                0x080068f6       0xe0 ./Drivers/STM32F1xx_HAL_Driver/Src/stm32f1xx_hal_can.o
                0x080068f6                HAL_CAN_ConfigFilter
 .text.HAL_CAN_Start
                0x080069d6       0x56 ./Drivers/STM32F1xx_HAL_Driver/Src/stm32f1xx_hal_can.o
                0x080069d6                HAL_CAN_Start
 .text.HAL_CAN_AddTxMessage
                0x08006a2c       0x92 ./Drivers/STM32F1xx_HAL_Driver/Src/stm32f1xx_hal_can.o
                0x08006a2c                HAL_CAN_AddTxMessage
 .text.HAL_CAN_GetRxMessage
                0x08006abe       0xf8 ./Drivers/STM32F1xx_HAL_Driver/Src/stm32f1xx_hal_can.o
                0x08006abe                HAL_CAN_GetRxMessage
 .text.HAL_CAN_ActivateNotification
                0x08006bb6       0x22 ./Drivers/STM32F1xx_HAL_Driver/Src/stm32f1xx_hal_can.o
                0x08006bb6                HAL_CAN_ActivateNotification
 .text.HAL_CAN_TxMailbox0CompleteCallback
                0x08006bd8        0x2 ./Drivers/STM32F1xx_HAL_Driver/Src/stm32f1xx_hal_can.o
                0x08006bd8                HAL_CAN_TxMailbox0CompleteCallback
 .text.HAL_CAN_TxMailbox1CompleteCallback
                0x08006bda        0x2 ./Drivers/STM32F1xx_HAL_Driver/Src/stm32f1xx_hal_can.o
                0x08006bda                HAL_CAN_TxMailbox1CompleteCallback
 .text.HAL_CAN_TxMailbox2CompleteCallback
                0x08006bdc        0x2 ./Drivers/STM32F1xx_HAL_Driver/Src/stm32f1xx_hal_can.o
                0x08006bdc                HAL_CAN_TxMailbox2CompleteCallback
 .text.HAL_CAN_TxMailbox0AbortCallback
                0x08006bde        0x2 ./Drivers/STM32F1xx_HAL_Driver/Src/stm32f1xx_hal_can.o
                0x08006bde                HAL_CAN_TxMailbox0AbortCallback
 .text.HAL_CAN_TxMailbox1AbortCallback
                0x08006be0        0x2 ./Drivers/STM32F1xx_HAL_Driver/Src/stm32f1xx_hal_can.o
                0x08006be0                HAL_CAN_TxMailbox1AbortCallback
 .text.HAL_CAN_TxMailbox2AbortCallback
                0x08006be2        0x2 ./Drivers/STM32F1xx_HAL_Driver/Src/stm32f1xx_hal_can.o
                0x08006be2                HAL_CAN_TxMailbox2AbortCallback
 .text.HAL_CAN_RxFifo0FullCallback
                0x08006be4        0x2 ./Drivers/STM32F1xx_HAL_Driver/Src/stm32f1xx_hal_can.o
                0x08006be4                HAL_CAN_RxFifo0FullCallback
 .text.HAL_CAN_RxFifo1MsgPendingCallback
                0x08006be6        0x2 ./Drivers/STM32F1xx_HAL_Driver/Src/stm32f1xx_hal_can.o
                0x08006be6                HAL_CAN_RxFifo1MsgPendingCallback
 .text.HAL_CAN_RxFifo1FullCallback
                0x08006be8        0x2 ./Drivers/STM32F1xx_HAL_Driver/Src/stm32f1xx_hal_can.o
                0x08006be8                HAL_CAN_RxFifo1FullCallback
 .text.HAL_CAN_SleepCallback
                0x08006bea        0x2 ./Drivers/STM32F1xx_HAL_Driver/Src/stm32f1xx_hal_can.o
                0x08006bea                HAL_CAN_SleepCallback
 .text.HAL_CAN_WakeUpFromRxMsgCallback
                0x08006bec        0x2 ./Drivers/STM32F1xx_HAL_Driver/Src/stm32f1xx_hal_can.o
                0x08006bec                HAL_CAN_WakeUpFromRxMsgCallback
 .text.HAL_CAN_ErrorCallback
                0x08006bee        0x2 ./Drivers/STM32F1xx_HAL_Driver/Src/stm32f1xx_hal_can.o
                0x08006bee                HAL_CAN_ErrorCallback
 .text.HAL_CAN_IRQHandler
                0x08006bf0      0x20a ./Drivers/STM32F1xx_HAL_Driver/Src/stm32f1xx_hal_can.o
                0x08006bf0                HAL_CAN_IRQHandler
 *fill*         0x08006dfa        0x2 
 .text.HAL_NVIC_SetPriorityGrouping
                0x08006dfc       0x24 ./Drivers/STM32F1xx_HAL_Driver/Src/stm32f1xx_hal_cortex.o
                0x08006dfc                HAL_NVIC_SetPriorityGrouping
 .text.HAL_NVIC_SetPriority
                0x08006e20       0x60 ./Drivers/STM32F1xx_HAL_Driver/Src/stm32f1xx_hal_cortex.o
                0x08006e20                HAL_NVIC_SetPriority
 .text.HAL_NVIC_EnableIRQ
                0x08006e80       0x1c ./Drivers/STM32F1xx_HAL_Driver/Src/stm32f1xx_hal_cortex.o
                0x08006e80                HAL_NVIC_EnableIRQ
 .text.HAL_NVIC_SystemReset
                0x08006e9c       0x24 ./Drivers/STM32F1xx_HAL_Driver/Src/stm32f1xx_hal_cortex.o
                0x08006e9c                HAL_NVIC_SystemReset
 .text.HAL_SYSTICK_Config
                0x08006ec0       0x28 ./Drivers/STM32F1xx_HAL_Driver/Src/stm32f1xx_hal_cortex.o
                0x08006ec0                HAL_SYSTICK_Config
 .text.HAL_DMA_Abort
                0x08006ee8       0x3e ./Drivers/STM32F1xx_HAL_Driver/Src/stm32f1xx_hal_dma.o
                0x08006ee8                HAL_DMA_Abort
 *fill*         0x08006f26        0x2 
 .text.HAL_DMA_Abort_IT
                0x08006f28       0x8c ./Drivers/STM32F1xx_HAL_Driver/Src/stm32f1xx_hal_dma.o
                0x08006f28                HAL_DMA_Abort_IT
 .text.HAL_GPIO_Init
                0x08006fb4      0x1b0 ./Drivers/STM32F1xx_HAL_Driver/Src/stm32f1xx_hal_gpio.o
                0x08006fb4                HAL_GPIO_Init
 .text.HAL_GPIO_WritePin
                0x08007164        0xa ./Drivers/STM32F1xx_HAL_Driver/Src/stm32f1xx_hal_gpio.o
                0x08007164                HAL_GPIO_WritePin
 .text.HAL_GPIO_TogglePin
                0x0800716e       0x12 ./Drivers/STM32F1xx_HAL_Driver/Src/stm32f1xx_hal_gpio.o
                0x0800716e                HAL_GPIO_TogglePin
 .text.HAL_RCC_OscConfig
                0x08007180      0x338 ./Drivers/STM32F1xx_HAL_Driver/Src/stm32f1xx_hal_rcc.o
                0x08007180                HAL_RCC_OscConfig
 .text.HAL_RCC_GetSysClockFreq
                0x080074b8       0x4c ./Drivers/STM32F1xx_HAL_Driver/Src/stm32f1xx_hal_rcc.o
                0x080074b8                HAL_RCC_GetSysClockFreq
 .text.HAL_RCC_ClockConfig
                0x08007504      0x138 ./Drivers/STM32F1xx_HAL_Driver/Src/stm32f1xx_hal_rcc.o
                0x08007504                HAL_RCC_ClockConfig
 .text.HAL_RCC_GetPCLK1Freq
                0x0800763c       0x20 ./Drivers/STM32F1xx_HAL_Driver/Src/stm32f1xx_hal_rcc.o
                0x0800763c                HAL_RCC_GetPCLK1Freq
 .text.HAL_RCC_GetPCLK2Freq
                0x0800765c       0x20 ./Drivers/STM32F1xx_HAL_Driver/Src/stm32f1xx_hal_rcc.o
                0x0800765c                HAL_RCC_GetPCLK2Freq
 .text.TIM_OC1_SetConfig
                0x0800767c       0x50 ./Drivers/STM32F1xx_HAL_Driver/Src/stm32f1xx_hal_tim.o
 .text.TIM_OC3_SetConfig
                0x080076cc       0x54 ./Drivers/STM32F1xx_HAL_Driver/Src/stm32f1xx_hal_tim.o
 .text.TIM_OC4_SetConfig
                0x08007720       0x44 ./Drivers/STM32F1xx_HAL_Driver/Src/stm32f1xx_hal_tim.o
 .text.HAL_TIM_PWM_MspInit
                0x08007764        0x2 ./Drivers/STM32F1xx_HAL_Driver/Src/stm32f1xx_hal_tim.o
                0x08007764                HAL_TIM_PWM_MspInit
 .text.HAL_TIM_IC_MspInit
                0x08007766        0x2 ./Drivers/STM32F1xx_HAL_Driver/Src/stm32f1xx_hal_tim.o
                0x08007766                HAL_TIM_IC_MspInit
 .text.HAL_TIM_ConfigTI1Input
                0x08007768       0x10 ./Drivers/STM32F1xx_HAL_Driver/Src/stm32f1xx_hal_tim.o
                0x08007768                HAL_TIM_ConfigTI1Input
 .text.HAL_TIM_PeriodElapsedCallback
                0x08007778        0x2 ./Drivers/STM32F1xx_HAL_Driver/Src/stm32f1xx_hal_tim.o
                0x08007778                HAL_TIM_PeriodElapsedCallback
 .text.HAL_TIM_OC_DelayElapsedCallback
                0x0800777a        0x2 ./Drivers/STM32F1xx_HAL_Driver/Src/stm32f1xx_hal_tim.o
                0x0800777a                HAL_TIM_OC_DelayElapsedCallback
 .text.HAL_TIM_IC_CaptureCallback
                0x0800777c        0x2 ./Drivers/STM32F1xx_HAL_Driver/Src/stm32f1xx_hal_tim.o
                0x0800777c                HAL_TIM_IC_CaptureCallback
 .text.HAL_TIM_PWM_PulseFinishedCallback
                0x0800777e        0x2 ./Drivers/STM32F1xx_HAL_Driver/Src/stm32f1xx_hal_tim.o
                0x0800777e                HAL_TIM_PWM_PulseFinishedCallback
 .text.HAL_TIM_TriggerCallback
                0x08007780        0x2 ./Drivers/STM32F1xx_HAL_Driver/Src/stm32f1xx_hal_tim.o
                0x08007780                HAL_TIM_TriggerCallback
 .text.HAL_TIM_IRQHandler
                0x08007782      0x144 ./Drivers/STM32F1xx_HAL_Driver/Src/stm32f1xx_hal_tim.o
                0x08007782                HAL_TIM_IRQHandler
 *fill*         0x080078c6        0x2 
 .text.TIM_Base_SetConfig
                0x080078c8       0x70 ./Drivers/STM32F1xx_HAL_Driver/Src/stm32f1xx_hal_tim.o
                0x080078c8                TIM_Base_SetConfig
 .text.HAL_TIM_Base_Init
                0x08007938       0x58 ./Drivers/STM32F1xx_HAL_Driver/Src/stm32f1xx_hal_tim.o
                0x08007938                HAL_TIM_Base_Init
 .text.HAL_TIM_PWM_Init
                0x08007990       0x58 ./Drivers/STM32F1xx_HAL_Driver/Src/stm32f1xx_hal_tim.o
                0x08007990                HAL_TIM_PWM_Init
 .text.HAL_TIM_IC_Init
                0x080079e8       0x58 ./Drivers/STM32F1xx_HAL_Driver/Src/stm32f1xx_hal_tim.o
                0x080079e8                HAL_TIM_IC_Init
 .text.TIM_OC2_SetConfig
                0x08007a40       0x58 ./Drivers/STM32F1xx_HAL_Driver/Src/stm32f1xx_hal_tim.o
                0x08007a40                TIM_OC2_SetConfig
 .text.HAL_TIM_PWM_ConfigChannel
                0x08007a98       0xb0 ./Drivers/STM32F1xx_HAL_Driver/Src/stm32f1xx_hal_tim.o
                0x08007a98                HAL_TIM_PWM_ConfigChannel
 .text.TIM_TI1_SetConfig
                0x08007b48       0x54 ./Drivers/STM32F1xx_HAL_Driver/Src/stm32f1xx_hal_tim.o
                0x08007b48                TIM_TI1_SetConfig
 .text.HAL_TIM_IC_ConfigChannel
                0x08007b9c      0x124 ./Drivers/STM32F1xx_HAL_Driver/Src/stm32f1xx_hal_tim.o
                0x08007b9c                HAL_TIM_IC_ConfigChannel
 .text.TIM_ETR_SetConfig
                0x08007cc0       0x14 ./Drivers/STM32F1xx_HAL_Driver/Src/stm32f1xx_hal_tim.o
                0x08007cc0                TIM_ETR_SetConfig
 .text.HAL_TIM_ConfigClockSource
                0x08007cd4      0x132 ./Drivers/STM32F1xx_HAL_Driver/Src/stm32f1xx_hal_tim.o
                0x08007cd4                HAL_TIM_ConfigClockSource
 *fill*         0x08007e06        0x2 
 .text.HAL_TIMEx_MasterConfigSynchronization
                0x08007e08       0x5c ./Drivers/STM32F1xx_HAL_Driver/Src/stm32f1xx_hal_tim_ex.o
                0x08007e08                HAL_TIMEx_MasterConfigSynchronization
 .text.HAL_TIMEx_ConfigBreakDeadTime
                0x08007e64       0x4c ./Drivers/STM32F1xx_HAL_Driver/Src/stm32f1xx_hal_tim_ex.o
                0x08007e64                HAL_TIMEx_ConfigBreakDeadTime
 .text.HAL_TIMEx_CommutCallback
                0x08007eb0        0x2 ./Drivers/STM32F1xx_HAL_Driver/Src/stm32f1xx_hal_tim_ex.o
                0x08007eb0                HAL_TIMEx_CommutCallback
 .text.HAL_TIMEx_BreakCallback
                0x08007eb2        0x2 ./Drivers/STM32F1xx_HAL_Driver/Src/stm32f1xx_hal_tim_ex.o
                0x08007eb2                HAL_TIMEx_BreakCallback
 .text.UART_EndRxTransfer
                0x08007eb4       0x5c ./Drivers/STM32F1xx_HAL_Driver/Src/stm32f1xx_hal_uart.o
 .text.UART_SetConfig
                0x08007f10       0x74 ./Drivers/STM32F1xx_HAL_Driver/Src/stm32f1xx_hal_uart.o
 .text.UART_WaitOnFlagUntilTimeout.constprop.0
                0x08007f84       0x6c ./Drivers/STM32F1xx_HAL_Driver/Src/stm32f1xx_hal_uart.o
 .text.HAL_UART_Init
                0x08007ff0       0x5e ./Drivers/STM32F1xx_HAL_Driver/Src/stm32f1xx_hal_uart.o
                0x08007ff0                HAL_UART_Init
 .text.HAL_UART_Transmit
                0x0800804e       0x96 ./Drivers/STM32F1xx_HAL_Driver/Src/stm32f1xx_hal_uart.o
                0x0800804e                HAL_UART_Transmit
 .text.HAL_UART_TxCpltCallback
                0x080080e4        0x2 ./Drivers/STM32F1xx_HAL_Driver/Src/stm32f1xx_hal_uart.o
                0x080080e4                HAL_UART_TxCpltCallback
 .text.HAL_UART_RxCpltCallback
                0x080080e6        0x2 ./Drivers/STM32F1xx_HAL_Driver/Src/stm32f1xx_hal_uart.o
                0x080080e6                HAL_UART_RxCpltCallback
 .text.HAL_UART_ErrorCallback
                0x080080e8        0x2 ./Drivers/STM32F1xx_HAL_Driver/Src/stm32f1xx_hal_uart.o
                0x080080e8                HAL_UART_ErrorCallback
 .text.UART_DMAAbortOnError
                0x080080ea       0x10 ./Drivers/STM32F1xx_HAL_Driver/Src/stm32f1xx_hal_uart.o
 .text.HAL_UARTEx_RxEventCallback
                0x080080fa        0x2 ./Drivers/STM32F1xx_HAL_Driver/Src/stm32f1xx_hal_uart.o
                0x080080fa                HAL_UARTEx_RxEventCallback
 .text.UART_Receive_IT.isra.0
                0x080080fc       0xb6 ./Drivers/STM32F1xx_HAL_Driver/Src/stm32f1xx_hal_uart.o
 *fill*         0x080081b2        0x2 
 .text.HAL_UART_IRQHandler
                0x080081b4      0x294 ./Drivers/STM32F1xx_HAL_Driver/Src/stm32f1xx_hal_uart.o
                0x080081b4                HAL_UART_IRQHandler
 .text.DCM_Proc_Init
                0x08008448        0xe ./bsw/dcm/dcm.o
                0x08008448                DCM_Proc_Init
 .text.ECU_reset_Handler
                0x08008456        0xa ./bsw/dcm/dcm.o
                0x08008456                ECU_reset_Handler
 .text.DiagSess_Ctl_Handler
                0x08008460        0x4 ./bsw/dcm/dcm.o
                0x08008460                DiagSess_Ctl_Handler
 .text.Request_Download_Handler
                0x08008464        0xa ./bsw/dcm/dcm.o
                0x08008464                Request_Download_Handler
 .text.Transfer_Data_Handler
                0x0800846e        0xc ./bsw/dcm/dcm.o
                0x0800846e                Transfer_Data_Handler
 .text.Transfer_Exit_Handler
                0x0800847a        0xa ./bsw/dcm/dcm.o
                0x0800847a                Transfer_Exit_Handler
 .text.Check_Memory_Handler
                0x08008484        0x4 ./bsw/dcm/dcm.o
                0x08008484                Check_Memory_Handler
 .text.HAL_CAN_RxFifo0MsgPendingCallback
                0x08008488       0x3c ./bsw/mcal/can/mcal_can.o
                0x08008488                HAL_CAN_RxFifo0MsgPendingCallback
 .text.can_start
                0x080084c4       0x48 ./bsw/mcal/can/mcal_can.o
                0x080084c4                can_start
 .text.can_send
                0x0800850c       0x1c ./bsw/mcal/can/mcal_can.o
                0x0800850c                can_send
 .text.can_receive
                0x08008528        0xc ./bsw/mcal/can/mcal_can.o
                0x08008528                can_receive
 .text.can_rx_available
                0x08008534        0xc ./bsw/mcal/can/mcal_can.o
                0x08008534                can_rx_available
 .text.can_process_next
                0x08008540        0xc ./bsw/mcal/can/mcal_can.o
                0x08008540                can_process_next
 .text.COM_Proc_Init
                0x0800854c        0x4 ./bsw/mcal/com/com_proc.o
                0x0800854c                COM_Proc_Init
 .text.COM_Proc_1ms
                0x08008550       0x1a ./bsw/mcal/com/com_proc.o
                0x08008550                COM_Proc_1ms
 *fill*         0x0800856a        0x2 
 .text.set_isotp_link
                0x0800856c       0x10 ./bsw/mcal/tp/isotp.o
                0x0800856c                set_isotp_link
 .text.send_single_frame
                0x0800857c       0x3c ./bsw/mcal/tp/isotp.o
                0x0800857c                send_single_frame
 .text.send_first_frame
                0x080085b8       0x48 ./bsw/mcal/tp/isotp.o
                0x080085b8                send_first_frame
 .text.send_multi_frame
                0x08008600       0x70 ./bsw/mcal/tp/isotp.o
                0x08008600                send_multi_frame
 .text.send_fc_frame
                0x08008670       0x40 ./bsw/mcal/tp/isotp.o
                0x08008670                send_fc_frame
 .text.send_isotp
                0x080086b0       0x22 ./bsw/mcal/tp/isotp.o
                0x080086b0                send_isotp
 *fill*         0x080086d2        0x2 
 .text.handle_single_frame
                0x080086d4       0x18 ./bsw/mcal/tp/isotp.o
                0x080086d4                handle_single_frame
 .text.handle_first_frame
                0x080086ec       0x48 ./bsw/mcal/tp/isotp.o
                0x080086ec                handle_first_frame
 .text.handle_consec_frame
                0x08008734       0x58 ./bsw/mcal/tp/isotp.o
                0x08008734                handle_consec_frame
 .text.isotp_can_recv
                0x0800878c       0x2c ./bsw/mcal/tp/isotp.o
                0x0800878c                isotp_can_recv
 .text.tp_recv_handler
                0x080087b8       0xf0 ./bsw/mcal/uds/server/uds_server.o
                0x080087b8                tp_recv_handler
 .text.UDS_Srv_Init
                0x080088a8       0x28 ./bsw/mcal/uds/server/uds_server.o
                0x080088a8                UDS_Srv_Init
 .text.ota_ini_after_reset
                0x080088d0        0x2 ./bsw/ota/ota.o
                0x080088d0                ota_ini_after_reset
 .text.ota_flashing_begin
                0x080088d2        0x4 ./bsw/ota/ota.o
                0x080088d2                ota_flashing_begin
 .text.ota_flashing_inprogress
                0x080088d6        0x2 ./bsw/ota/ota.o
                0x080088d6                ota_flashing_inprogress
 .text.ota_flashing_end
                0x080088d8        0x2 ./bsw/ota/ota.o
                0x080088d8                ota_flashing_end
 .text.init_buffer
                0x080088da        0xa ./bsw/utils/circular_buffer.o
                0x080088da                init_buffer
 .text.buffer_available
                0x080088e4       0x10 ./bsw/utils/circular_buffer.o
                0x080088e4                buffer_available
 .text.buffer_front
                0x080088f4       0x12 ./bsw/utils/circular_buffer.o
                0x080088f4                buffer_front
 .text.buffer_push
                0x08008906       0x3c ./bsw/utils/circular_buffer.o
                0x08008906                buffer_push
 .text.buffer_pop
                0x08008942       0x20 ./bsw/utils/circular_buffer.o
                0x08008942                buffer_pop
 .text.us_memcpy
                0x08008962       0x32 ./bsw/utils/us_memcpy.o
                0x08008962                us_memcpy
 .text.memset   0x08008994       0x10 C:/ST/STM32CubeIDE_1.16.0/STM32CubeIDE/plugins/com.st.stm32cube.ide.mcu.externaltools.gnu-tools-for-stm32.12.3.rel1.win32_1.0.200.202406191623/tools/bin/../lib/gcc/arm-none-eabi/12.3.1/../../../../arm-none-eabi/lib/thumb/v7-m/nofp\libc_nano.a(libc_a-memset.o)
                0x08008994                memset
 .text.__libc_init_array
                0x080089a4       0x48 C:/ST/STM32CubeIDE_1.16.0/STM32CubeIDE/plugins/com.st.stm32cube.ide.mcu.externaltools.gnu-tools-for-stm32.12.3.rel1.win32_1.0.200.202406191623/tools/bin/../lib/gcc/arm-none-eabi/12.3.1/../../../../arm-none-eabi/lib/thumb/v7-m/nofp\libc_nano.a(libc_a-init.o)
                0x080089a4                __libc_init_array
 .text.memcpy   0x080089ec       0x1c C:/ST/STM32CubeIDE_1.16.0/STM32CubeIDE/plugins/com.st.stm32cube.ide.mcu.externaltools.gnu-tools-for-stm32.12.3.rel1.win32_1.0.200.202406191623/tools/bin/../lib/gcc/arm-none-eabi/12.3.1/../../../../arm-none-eabi/lib/thumb/v7-m/nofp\libc_nano.a(libc_a-memcpy-stub.o)
                0x080089ec                memcpy
 *(.glue_7)
 .glue_7        0x08008a08        0x0 linker stubs
 *(.glue_7t)
 .glue_7t       0x08008a08        0x0 linker stubs
 *(.eh_frame)
 .eh_frame      0x08008a08        0x0 C:/ST/STM32CubeIDE_1.16.0/STM32CubeIDE/plugins/com.st.stm32cube.ide.mcu.externaltools.gnu-tools-for-stm32.12.3.rel1.win32_1.0.200.202406191623/tools/bin/../lib/gcc/arm-none-eabi/12.3.1/thumb/v7-m/nofp/crtbegin.o
 *(.init)
 .init          0x08008a08        0x4 C:/ST/STM32CubeIDE_1.16.0/STM32CubeIDE/plugins/com.st.stm32cube.ide.mcu.externaltools.gnu-tools-for-stm32.12.3.rel1.win32_1.0.200.202406191623/tools/bin/../lib/gcc/arm-none-eabi/12.3.1/thumb/v7-m/nofp/crti.o
                0x08008a08                _init
 .init          0x08008a0c        0x8 C:/ST/STM32CubeIDE_1.16.0/STM32CubeIDE/plugins/com.st.stm32cube.ide.mcu.externaltools.gnu-tools-for-stm32.12.3.rel1.win32_1.0.200.202406191623/tools/bin/../lib/gcc/arm-none-eabi/12.3.1/thumb/v7-m/nofp/crtn.o
 *(.fini)
 .fini          0x08008a14        0x4 C:/ST/STM32CubeIDE_1.16.0/STM32CubeIDE/plugins/com.st.stm32cube.ide.mcu.externaltools.gnu-tools-for-stm32.12.3.rel1.win32_1.0.200.202406191623/tools/bin/../lib/gcc/arm-none-eabi/12.3.1/thumb/v7-m/nofp/crti.o
                0x08008a14                _fini
 .fini          0x08008a18        0x8 C:/ST/STM32CubeIDE_1.16.0/STM32CubeIDE/plugins/com.st.stm32cube.ide.mcu.externaltools.gnu-tools-for-stm32.12.3.rel1.win32_1.0.200.202406191623/tools/bin/../lib/gcc/arm-none-eabi/12.3.1/thumb/v7-m/nofp/crtn.o
                0x08008a20                        . = ALIGN (0x4)
                0x08008a20                        _etext = .

.vfp11_veneer   0x08008a20        0x0
 .vfp11_veneer  0x08008a20        0x0 linker stubs

.v4_bx          0x08008a20        0x0
 .v4_bx         0x08008a20        0x0 linker stubs

.iplt           0x08008a20        0x0
 .iplt          0x08008a20        0x0 C:/ST/STM32CubeIDE_1.16.0/STM32CubeIDE/plugins/com.st.stm32cube.ide.mcu.externaltools.gnu-tools-for-stm32.12.3.rel1.win32_1.0.200.202406191623/tools/bin/../lib/gcc/arm-none-eabi/12.3.1/thumb/v7-m/nofp/crtbegin.o

.rodata         0x08008a20       0x3c
                0x08008a20                        . = ALIGN (0x4)
 *(.rodata)
 *(.rodata*)
 .rodata.main.str1.1
                0x08008a20       0x12 ./Core/Src/main.o
 .rodata.APBPrescTable
                0x08008a32        0x8 ./Core/Src/system_stm32f1xx.o
                0x08008a32                APBPrescTable
 .rodata.AHBPrescTable
                0x08008a3a       0x10 ./Core/Src/system_stm32f1xx.o
                0x08008a3a                AHBPrescTable
 .rodata.aPredivFactorTable.0
                0x08008a4a        0x2 ./Drivers/STM32F1xx_HAL_Driver/Src/stm32f1xx_hal_rcc.o
 .rodata.aPLLMULFactorTable.1
                0x08008a4c       0x10 ./Drivers/STM32F1xx_HAL_Driver/Src/stm32f1xx_hal_rcc.o
                0x08008a5c                        . = ALIGN (0x4)

.ARM.extab      0x08008a5c        0x0
                0x08008a5c                        . = ALIGN (0x4)
 *(.ARM.extab* .gnu.linkonce.armextab.*)
                0x08008a5c                        . = ALIGN (0x4)

.ARM            0x08008a5c        0x0
                0x08008a5c                        . = ALIGN (0x4)
                0x08008a5c                        __exidx_start = .
 *(.ARM.exidx*)
                0x08008a5c                        __exidx_end = .
                0x08008a5c                        . = ALIGN (0x4)

.preinit_array  0x08008a5c        0x0
                0x08008a5c                        . = ALIGN (0x4)
                0x08008a5c                        PROVIDE (__preinit_array_start = .)
 *(.preinit_array*)
                0x08008a5c                        PROVIDE (__preinit_array_end = .)
                0x08008a5c                        . = ALIGN (0x4)

.init_array     0x08008a5c        0x4
                0x08008a5c                        . = ALIGN (0x4)
                0x08008a5c                        PROVIDE (__init_array_start = .)
 *(SORT_BY_NAME(.init_array.*))
 *(.init_array*)
 .init_array    0x08008a5c        0x4 C:/ST/STM32CubeIDE_1.16.0/STM32CubeIDE/plugins/com.st.stm32cube.ide.mcu.externaltools.gnu-tools-for-stm32.12.3.rel1.win32_1.0.200.202406191623/tools/bin/../lib/gcc/arm-none-eabi/12.3.1/thumb/v7-m/nofp/crtbegin.o
                0x08008a60                        PROVIDE (__init_array_end = .)
                0x08008a60                        . = ALIGN (0x4)

.fini_array     0x08008a60        0x4
                0x08008a60                        . = ALIGN (0x4)
                [!provide]                        PROVIDE (__fini_array_start = .)
 *(SORT_BY_NAME(.fini_array.*))
 *(.fini_array*)
 .fini_array    0x08008a60        0x4 C:/ST/STM32CubeIDE_1.16.0/STM32CubeIDE/plugins/com.st.stm32cube.ide.mcu.externaltools.gnu-tools-for-stm32.12.3.rel1.win32_1.0.200.202406191623/tools/bin/../lib/gcc/arm-none-eabi/12.3.1/thumb/v7-m/nofp/crtbegin.o
                [!provide]                        PROVIDE (__fini_array_end = .)
                0x08008a64                        . = ALIGN (0x4)
                0x08008a64                        _sidata = LOADADDR (.data)

.rel.dyn        0x08008a64        0x0
 .rel.iplt      0x08008a64        0x0 C:/ST/STM32CubeIDE_1.16.0/STM32CubeIDE/plugins/com.st.stm32cube.ide.mcu.externaltools.gnu-tools-for-stm32.12.3.rel1.win32_1.0.200.202406191623/tools/bin/../lib/gcc/arm-none-eabi/12.3.1/thumb/v7-m/nofp/crtbegin.o

.data           0x20000000        0xc load address 0x08008a64
                0x20000000                        . = ALIGN (0x4)
                0x20000000                        _sdata = .
 *(.data)
 *(.data*)
 .data.SystemCoreClock
                0x20000000        0x4 ./Core/Src/system_stm32f1xx.o
                0x20000000                SystemCoreClock
 .data.uwTickFreq
                0x20000004        0x1 ./Drivers/STM32F1xx_HAL_Driver/Src/stm32f1xx_hal.o
                0x20000004                uwTickFreq
 *fill*         0x20000005        0x3 
 .data.uwTickPrio
                0x20000008        0x4 ./Drivers/STM32F1xx_HAL_Driver/Src/stm32f1xx_hal.o
                0x20000008                uwTickPrio
 *(.RamFunc)
 *(.RamFunc*)
                0x2000000c                        . = ALIGN (0x4)
                0x2000000c                        _edata = .

.igot.plt       0x2000000c        0x0 load address 0x08008a70
 .igot.plt      0x2000000c        0x0 C:/ST/STM32CubeIDE_1.16.0/STM32CubeIDE/plugins/com.st.stm32cube.ide.mcu.externaltools.gnu-tools-for-stm32.12.3.rel1.win32_1.0.200.202406191623/tools/bin/../lib/gcc/arm-none-eabi/12.3.1/thumb/v7-m/nofp/crtbegin.o
                0x2000000c                        . = ALIGN (0x4)

.bss            0x2000000c      0xa90 load address 0x08008a70
                0x2000000c                        _sbss = .
                0x2000000c                        __bss_start__ = _sbss
 *(.bss)
 .bss           0x2000000c       0x1c C:/ST/STM32CubeIDE_1.16.0/STM32CubeIDE/plugins/com.st.stm32cube.ide.mcu.externaltools.gnu-tools-for-stm32.12.3.rel1.win32_1.0.200.202406191623/tools/bin/../lib/gcc/arm-none-eabi/12.3.1/thumb/v7-m/nofp/crtbegin.o
 *(.bss*)
 .bss.counter.0
                0x20000028        0x2 ./Core/Src/main.o
 *fill*         0x2000002a        0x2 
 .bss.huart2    0x2000002c       0x48 ./Core/Src/main.o
                0x2000002c                huart2
 .bss.htim2     0x20000074       0x48 ./Core/Src/main.o
                0x20000074                htim2
 .bss.htim1     0x200000bc       0x48 ./Core/Src/main.o
                0x200000bc                htim1
 .bss.hcan      0x20000104       0x28 ./Core/Src/main.o
                0x20000104                hcan
 .bss.uwTick    0x2000012c        0x4 ./Drivers/STM32F1xx_HAL_Driver/Src/stm32f1xx_hal.o
                0x2000012c                uwTick
 .bss.can_rx_msg_buff
                0x20000130      0x900 ./bsw/mcal/can/mcal_can.o
 .bss.can_rx_fifo
                0x20000a30        0xc ./bsw/mcal/can/mcal_can.o
 .bss.link      0x20000a3c        0x4 ./bsw/mcal/tp/isotp.o
 .bss.srv_link  0x20000a40       0x1c ./bsw/mcal/uds/server/uds_server.o
 .bss.srv_payload
                0x20000a5c       0x40 ./bsw/mcal/uds/server/uds_server.o
 *(COMMON)
                0x20000a9c                        . = ALIGN (0x4)
                0x20000a9c                        _ebss = .
                0x20000a9c                        __bss_end__ = _ebss

._user_heap_stack
                0x20000a9c      0x604 load address 0x08008a70
                0x20000aa0                        . = ALIGN (0x8)
 *fill*         0x20000a9c        0x4 
                [!provide]                        PROVIDE (end = .)
                0x20000aa0                        PROVIDE (_end = .)
                0x20000ca0                        . = (. + _Min_Heap_Size)
 *fill*         0x20000aa0      0x200 
                0x200010a0                        . = (. + _Min_Stack_Size)
 *fill*         0x20000ca0      0x400 
                0x200010a0                        . = ALIGN (0x8)

/DISCARD/
 libc.a(*)
 libm.a(*)
 libgcc.a(*)

.ARM.attributes
                0x00000000       0x29
 *(.ARM.attributes)
 .ARM.attributes
                0x00000000       0x1d C:/ST/STM32CubeIDE_1.16.0/STM32CubeIDE/plugins/com.st.stm32cube.ide.mcu.externaltools.gnu-tools-for-stm32.12.3.rel1.win32_1.0.200.202406191623/tools/bin/../lib/gcc/arm-none-eabi/12.3.1/thumb/v7-m/nofp/crti.o
 .ARM.attributes
                0x0000001d       0x2d C:/ST/STM32CubeIDE_1.16.0/STM32CubeIDE/plugins/com.st.stm32cube.ide.mcu.externaltools.gnu-tools-for-stm32.12.3.rel1.win32_1.0.200.202406191623/tools/bin/../lib/gcc/arm-none-eabi/12.3.1/thumb/v7-m/nofp/crtbegin.o
 .ARM.attributes
                0x0000004a       0x2d ./Core/Src/main.o
 .ARM.attributes
                0x00000077       0x2d ./Core/Src/stm32f1xx_hal_msp.o
 .ARM.attributes
                0x000000a4       0x2d ./Core/Src/stm32f1xx_it.o
 .ARM.attributes
                0x000000d1       0x2d ./Core/Src/system_stm32f1xx.o
 .ARM.attributes
                0x000000fe       0x21 ./Core/Startup/startup_stm32f103c8tx.o
 .ARM.attributes
                0x0000011f       0x2d ./Drivers/STM32F1xx_HAL_Driver/Src/stm32f1xx_hal.o
 .ARM.attributes
                0x0000014c       0x2d ./Drivers/STM32F1xx_HAL_Driver/Src/stm32f1xx_hal_can.o
 .ARM.attributes
                0x00000179       0x2d ./Drivers/STM32F1xx_HAL_Driver/Src/stm32f1xx_hal_cortex.o
 .ARM.attributes
                0x000001a6       0x2d ./Drivers/STM32F1xx_HAL_Driver/Src/stm32f1xx_hal_dma.o
 .ARM.attributes
                0x000001d3       0x2d ./Drivers/STM32F1xx_HAL_Driver/Src/stm32f1xx_hal_gpio.o
 .ARM.attributes
                0x00000200       0x2d ./Drivers/STM32F1xx_HAL_Driver/Src/stm32f1xx_hal_rcc.o
 .ARM.attributes
                0x0000022d       0x2d ./Drivers/STM32F1xx_HAL_Driver/Src/stm32f1xx_hal_tim.o
 .ARM.attributes
                0x0000025a       0x2d ./Drivers/STM32F1xx_HAL_Driver/Src/stm32f1xx_hal_tim_ex.o
 .ARM.attributes
                0x00000287       0x2d ./Drivers/STM32F1xx_HAL_Driver/Src/stm32f1xx_hal_uart.o
 .ARM.attributes
                0x000002b4       0x2d ./bsw/dcm/dcm.o
 .ARM.attributes
                0x000002e1       0x2d ./bsw/mcal/can/mcal_can.o
 .ARM.attributes
                0x0000030e       0x2d ./bsw/mcal/com/com_proc.o
 .ARM.attributes
                0x0000033b       0x2d ./bsw/mcal/tp/isotp.o
 .ARM.attributes
                0x00000368       0x2d ./bsw/mcal/uds/server/uds_server.o
 .ARM.attributes
                0x00000395       0x2d ./bsw/ota/ota.o
 .ARM.attributes
                0x000003c2       0x2d ./bsw/utils/circular_buffer.o
 .ARM.attributes
                0x000003ef       0x2d ./bsw/utils/us_memcpy.o
 .ARM.attributes
                0x0000041c       0x2d C:/ST/STM32CubeIDE_1.16.0/STM32CubeIDE/plugins/com.st.stm32cube.ide.mcu.externaltools.gnu-tools-for-stm32.12.3.rel1.win32_1.0.200.202406191623/tools/bin/../lib/gcc/arm-none-eabi/12.3.1/../../../../arm-none-eabi/lib/thumb/v7-m/nofp\libc_nano.a(libc_a-memset.o)
 .ARM.attributes
                0x00000449       0x2d C:/ST/STM32CubeIDE_1.16.0/STM32CubeIDE/plugins/com.st.stm32cube.ide.mcu.externaltools.gnu-tools-for-stm32.12.3.rel1.win32_1.0.200.202406191623/tools/bin/../lib/gcc/arm-none-eabi/12.3.1/../../../../arm-none-eabi/lib/thumb/v7-m/nofp\libc_nano.a(libc_a-init.o)
 .ARM.attributes
                0x00000476       0x2d C:/ST/STM32CubeIDE_1.16.0/STM32CubeIDE/plugins/com.st.stm32cube.ide.mcu.externaltools.gnu-tools-for-stm32.12.3.rel1.win32_1.0.200.202406191623/tools/bin/../lib/gcc/arm-none-eabi/12.3.1/../../../../arm-none-eabi/lib/thumb/v7-m/nofp\libc_nano.a(libc_a-memcpy-stub.o)
 .ARM.attributes
                0x000004a3       0x1d C:/ST/STM32CubeIDE_1.16.0/STM32CubeIDE/plugins/com.st.stm32cube.ide.mcu.externaltools.gnu-tools-for-stm32.12.3.rel1.win32_1.0.200.202406191623/tools/bin/../lib/gcc/arm-none-eabi/12.3.1/thumb/v7-m/nofp/crtn.o
OUTPUT(ota_app.elf elf32-littlearm)
LOAD linker stubs
LOAD C:/ST/STM32CubeIDE_1.16.0/STM32CubeIDE/plugins/com.st.stm32cube.ide.mcu.externaltools.gnu-tools-for-stm32.12.3.rel1.win32_1.0.200.202406191623/tools/bin/../lib/gcc/arm-none-eabi/12.3.1/../../../../arm-none-eabi/lib/thumb/v7-m/nofp\libc.a
LOAD C:/ST/STM32CubeIDE_1.16.0/STM32CubeIDE/plugins/com.st.stm32cube.ide.mcu.externaltools.gnu-tools-for-stm32.12.3.rel1.win32_1.0.200.202406191623/tools/bin/../lib/gcc/arm-none-eabi/12.3.1/../../../../arm-none-eabi/lib/thumb/v7-m/nofp\libm.a
LOAD C:/ST/STM32CubeIDE_1.16.0/STM32CubeIDE/plugins/com.st.stm32cube.ide.mcu.externaltools.gnu-tools-for-stm32.12.3.rel1.win32_1.0.200.202406191623/tools/bin/../lib/gcc/arm-none-eabi/12.3.1/thumb/v7-m/nofp\libgcc.a

.comment        0x00000000       0x43
 .comment       0x00000000       0x43 ./Core/Src/main.o
                                 0x44 (size before relaxing)
 .comment       0x00000043       0x44 ./Core/Src/stm32f1xx_hal_msp.o
 .comment       0x00000043       0x44 ./Core/Src/stm32f1xx_it.o
 .comment       0x00000043       0x44 ./Core/Src/system_stm32f1xx.o
 .comment       0x00000043       0x44 ./Drivers/STM32F1xx_HAL_Driver/Src/stm32f1xx_hal.o
 .comment       0x00000043       0x44 ./Drivers/STM32F1xx_HAL_Driver/Src/stm32f1xx_hal_can.o
 .comment       0x00000043       0x44 ./Drivers/STM32F1xx_HAL_Driver/Src/stm32f1xx_hal_cortex.o
 .comment       0x00000043       0x44 ./Drivers/STM32F1xx_HAL_Driver/Src/stm32f1xx_hal_dma.o
 .comment       0x00000043       0x44 ./Drivers/STM32F1xx_HAL_Driver/Src/stm32f1xx_hal_gpio.o
 .comment       0x00000043       0x44 ./Drivers/STM32F1xx_HAL_Driver/Src/stm32f1xx_hal_rcc.o
 .comment       0x00000043       0x44 ./Drivers/STM32F1xx_HAL_Driver/Src/stm32f1xx_hal_tim.o
 .comment       0x00000043       0x44 ./Drivers/STM32F1xx_HAL_Driver/Src/stm32f1xx_hal_tim_ex.o
 .comment       0x00000043       0x44 ./Drivers/STM32F1xx_HAL_Driver/Src/stm32f1xx_hal_uart.o
 .comment       0x00000043       0x44 ./bsw/dcm/dcm.o
 .comment       0x00000043       0x44 ./bsw/mcal/can/mcal_can.o
 .comment       0x00000043       0x44 ./bsw/mcal/com/com_proc.o
 .comment       0x00000043       0x44 ./bsw/mcal/tp/isotp.o
 .comment       0x00000043       0x44 ./bsw/mcal/uds/server/uds_server.o
 .comment       0x00000043       0x44 ./bsw/ota/ota.o
 .comment       0x00000043       0x44 ./bsw/utils/circular_buffer.o
 .comment       0x00000043       0x44 ./bsw/utils/us_memcpy.o

.debug_frame    0x00000000       0x74
 .debug_frame   0x00000000       0x20 C:/ST/STM32CubeIDE_1.16.0/STM32CubeIDE/plugins/com.st.stm32cube.ide.mcu.externaltools.gnu-tools-for-stm32.12.3.rel1.win32_1.0.200.202406191623/tools/bin/../lib/gcc/arm-none-eabi/12.3.1/../../../../arm-none-eabi/lib/thumb/v7-m/nofp\libc_nano.a(libc_a-memset.o)
 .debug_frame   0x00000020       0x2c C:/ST/STM32CubeIDE_1.16.0/STM32CubeIDE/plugins/com.st.stm32cube.ide.mcu.externaltools.gnu-tools-for-stm32.12.3.rel1.win32_1.0.200.202406191623/tools/bin/../lib/gcc/arm-none-eabi/12.3.1/../../../../arm-none-eabi/lib/thumb/v7-m/nofp\libc_nano.a(libc_a-init.o)
 .debug_frame   0x0000004c       0x28 C:/ST/STM32CubeIDE_1.16.0/STM32CubeIDE/plugins/com.st.stm32cube.ide.mcu.externaltools.gnu-tools-for-stm32.12.3.rel1.win32_1.0.200.202406191623/tools/bin/../lib/gcc/arm-none-eabi/12.3.1/../../../../arm-none-eabi/lib/thumb/v7-m/nofp\libc_nano.a(libc_a-memcpy-stub.o)
